/Users/easwarkrishnaap/Desktop/ADVERSARIAL ATTACK PROJECT/main.py:76: UserWarning: Creating a tensor from a list of numpy.ndarrays is extremely slow. Please consider converting the list to a single numpy.ndarray with numpy.array() before converting to a tensor. (Triggered internally at /Users/runner/work/pytorch/pytorch/pytorch/torch/csrc/utils/tensor_new.cpp:256.)
  data_rnd.edge_index = torch.tensor([r, c], dtype=torch.long)
/opt/miniconda3/lib/python3.13/site-packages/deeprobust/graph/utils.py:356: UserWarning: torch.sparse.SparseTensor(indices, values, shape, *, device=) is deprecated.  Please use torch.sparse_coo_tensor(indices, values, shape, dtype=, device=). (Triggered internally at /Users/runner/work/pytorch/pytorch/pytorch/torch/csrc/utils/tensor_new.cpp:656.)
  return torch.sparse.FloatTensor(sparseconcat.t(),sparsedata,torch.Size(sparse_mx.shape))
=== STARTING REFINED EXPERIMENTAL PIPELINE ===
Dataset: Cora
Number of nodes: 2708
Number of edges: 10556
Number of features: 1433
Number of classes: 7
Dataset: Cora
Number of nodes: 2708
Number of edges: 10556
Number of features: 1433
Number of classes: 7

Training GCN Baseline...
Epoch 000, Loss: 1.9462
Epoch 020, Loss: 1.7241
Epoch 040, Loss: 1.3095
Epoch 060, Loss: 0.9150
Epoch 080, Loss: 0.7251
Epoch 100, Loss: 0.5764
Epoch 120, Loss: 0.4842
Epoch 140, Loss: 0.3808
Epoch 160, Loss: 0.3659
Epoch 180, Loss: 0.3551
GCN Baseline Metrics: {'accuracy': 0.815, 'precision': 0.7962887270284307, 'recall': 0.8177734105725118, 'f1_macro': 0.8041826791143897, 'f1_micro': 0.815, 'roc_auc': 0.9653396816678937, 'avg_margin': np.float32(0.42585096), 'avg_entropy': np.float32(1.2698443), 'avg_confidence': np.float32(0.5741443)}

Training GAT Baseline...
Epoch 000, Loss: 1.9457
Epoch 020, Loss: 1.5908
Epoch 040, Loss: 1.1482
Epoch 060, Loss: 0.9025
Epoch 080, Loss: 0.7904
Epoch 100, Loss: 0.6794
Epoch 120, Loss: 0.6536
Epoch 140, Loss: 0.6326
Epoch 160, Loss: 0.6801
Epoch 180, Loss: 0.5827
GAT Baseline Metrics: {'accuracy': 0.825, 'precision': 0.808151225220891, 'recall': 0.8339871719728676, 'f1_macro': 0.8176527314758795, 'f1_micro': 0.825, 'roc_auc': 0.973271779851974, 'avg_margin': np.float32(0.49061707), 'avg_entropy': np.float32(1.1294857), 'avg_confidence': np.float32(0.63222164)}

[Poisoning Attacks] Retraining required...
Running Random Edge Injection Poisoning...
Epoch 000, Loss: 1.9454
Epoch 020, Loss: 1.7569
Epoch 040, Loss: 1.4572
Epoch 060, Loss: 1.1038
Epoch 080, Loss: 0.8649
Running Nettack Poisoning (Targeted)...
##### Starting attack #####
##### Attack only using structure perturbations #####
##### Attacking the node directly #####
##### Performing 100 perturbations #####
##### ...1/100 perturbations ... #####
##### ...2/100 perturbations ... #####
##### ...3/100 perturbations ... #####
##### ...4/100 perturbations ... #####
##### ...5/100 perturbations ... #####
##### ...6/100 perturbations ... #####
##### ...7/100 perturbations ... #####
##### ...8/100 perturbations ... #####
##### ...9/100 perturbations ... #####
##### ...10/100 perturbations ... #####
##### ...11/100 perturbations ... #####
##### ...12/100 perturbations ... #####
##### ...13/100 perturbations ... #####
##### ...14/100 perturbations ... #####
##### ...15/100 perturbations ... #####
##### ...16/100 perturbations ... #####
##### ...17/100 perturbations ... #####
##### ...18/100 perturbations ... #####
##### ...19/100 perturbations ... #####
##### ...20/100 perturbations ... #####
##### ...21/100 perturbations ... #####
##### ...22/100 perturbations ... #####
##### ...23/100 perturbations ... #####
##### ...24/100 perturbations ... #####
##### ...25/100 perturbations ... #####
##### ...26/100 perturbations ... #####
##### ...27/100 perturbations ... #####
##### ...28/100 perturbations ... #####
##### ...29/100 perturbations ... #####
##### ...30/100 perturbations ... #####
##### ...31/100 perturbations ... #####
##### ...32/100 perturbations ... #####
##### ...33/100 perturbations ... #####
##### ...34/100 perturbations ... #####
##### ...35/100 perturbations ... #####
##### ...36/100 perturbations ... #####
##### ...37/100 perturbations ... #####
##### ...38/100 perturbations ... #####
##### ...39/100 perturbations ... #####
##### ...40/100 perturbations ... #####
##### ...41/100 perturbations ... #####
##### ...42/100 perturbations ... #####
##### ...43/100 perturbations ... #####
##### ...44/100 perturbations ... #####
##### ...45/100 perturbations ... #####
##### ...46/100 perturbations ... #####
##### ...47/100 perturbations ... #####
##### ...48/100 perturbations ... #####
##### ...49/100 perturbations ... #####
##### ...50/100 perturbations ... #####
##### ...51/100 perturbations ... #####
##### ...52/100 perturbations ... #####
##### ...53/100 perturbations ... #####
##### ...54/100 perturbations ... #####
##### ...55/100 perturbations ... #####
##### ...56/100 perturbations ... #####
##### ...57/100 perturbations ... #####
##### ...58/100 perturbations ... #####
##### ...59/100 perturbations ... #####
##### ...60/100 perturbations ... #####
##### ...61/100 perturbations ... #####
##### ...62/100 perturbations ... #####
##### ...63/100 perturbations ... #####
##### ...64/100 perturbations ... #####
##### ...65/100 perturbations ... #####
##### ...66/100 perturbations ... #####
##### ...67/100 perturbations ... #####
##### ...68/100 perturbations ... #####
##### ...69/100 perturbations ... #####
##### ...70/100 perturbations ... #####
##### ...71/100 perturbations ... #####
##### ...72/100 perturbations ... #####
##### ...73/100 perturbations ... #####
##### ...74/100 perturbations ... #####
##### ...75/100 perturbations ... #####
##### ...76/100 perturbations ... #####
##### ...77/100 perturbations ... #####
##### ...78/100 perturbations ... #####
##### ...79/100 perturbations ... #####
##### ...80/100 perturbations ... #####
##### ...81/100 perturbations ... #####
##### ...82/100 perturbations ... #####
##### ...83/100 perturbations ... #####
##### ...84/100 perturbations ... #####
##### ...85/100 perturbations ... #####
##### ...86/100 perturbations ... #####
##### ...87/100 perturbations ... #####
##### ...88/100 perturbations ... #####
##### ...89/100 perturbations ... #####
##### ...90/100 perturbations ... #####
##### ...91/100 perturbations ... #####
##### ...92/100 perturbations ... #####
##### ...93/100 perturbations ... #####
##### ...94/100 perturbations ... #####
##### ...95/100 perturbations ... #####
##### ...96/100 perturbations ... #####
##### ...97/100 perturbations ... #####
##### ...98/100 perturbations ... #####
##### ...99/100 perturbations ... #####
##### ...100/100 perturbations ... #####
##### Starting attack #####
##### Attack only using structure perturbations #####
##### Attacking the node directly #####
##### Performing 100 perturbations #####
##### ...1/100 perturbations ... #####
##### ...2/100 perturbations ... #####
##### ...3/100 perturbations ... #####
##### ...4/100 perturbations ... #####
##### ...5/100 perturbations ... #####
##### ...6/100 perturbations ... #####
##### ...7/100 perturbations ... #####
##### ...8/100 perturbations ... #####
##### ...9/100 perturbations ... #####
##### ...10/100 perturbations ... #####
##### ...11/100 perturbations ... #####
##### ...12/100 perturbations ... #####
##### ...13/100 perturbations ... #####
##### ...14/100 perturbations ... #####
##### ...15/100 perturbations ... #####
##### ...16/100 perturbations ... #####
##### ...17/100 perturbations ... #####
##### ...18/100 perturbations ... #####
##### ...19/100 perturbations ... #####
##### ...20/100 perturbations ... #####
##### ...21/100 perturbations ... #####
##### ...22/100 perturbations ... #####
##### ...23/100 perturbations ... #####
##### ...24/100 perturbations ... #####
##### ...25/100 perturbations ... #####
##### ...26/100 perturbations ... #####
##### ...27/100 perturbations ... #####
##### ...28/100 perturbations ... #####
##### ...29/100 perturbations ... #####
##### ...30/100 perturbations ... #####
##### ...31/100 perturbations ... #####
##### ...32/100 perturbations ... #####
##### ...33/100 perturbations ... #####
##### ...34/100 perturbations ... #####
##### ...35/100 perturbations ... #####
##### ...36/100 perturbations ... #####
##### ...37/100 perturbations ... #####
##### ...38/100 perturbations ... #####
##### ...39/100 perturbations ... #####
##### ...40/100 perturbations ... #####
##### ...41/100 perturbations ... #####
##### ...42/100 perturbations ... #####
##### ...43/100 perturbations ... #####
##### ...44/100 perturbations ... #####
##### ...45/100 perturbations ... #####
##### ...46/100 perturbations ... #####
##### ...47/100 perturbations ... #####
##### ...48/100 perturbations ... #####
##### ...49/100 perturbations ... #####
##### ...50/100 perturbations ... #####
##### ...51/100 perturbations ... #####
##### ...52/100 perturbations ... #####
##### ...53/100 perturbations ... #####
##### ...54/100 perturbations ... #####
##### ...55/100 perturbations ... #####
##### ...56/100 perturbations ... #####
##### ...57/100 perturbations ... #####
##### ...58/100 perturbations ... #####
##### ...59/100 perturbations ... #####
##### ...60/100 perturbations ... #####
##### ...61/100 perturbations ... #####
##### ...62/100 perturbations ... #####
##### ...63/100 perturbations ... #####
##### ...64/100 perturbations ... #####
##### ...65/100 perturbations ... #####
##### ...66/100 perturbations ... #####
##### ...67/100 perturbations ... #####
##### ...68/100 perturbations ... #####
##### ...69/100 perturbations ... #####
##### ...70/100 perturbations ... #####
##### ...71/100 perturbations ... #####
##### ...72/100 perturbations ... #####
##### ...73/100 perturbations ... #####
##### ...74/100 perturbations ... #####
##### ...75/100 perturbations ... #####
##### ...76/100 perturbations ... #####
##### ...77/100 perturbations ... #####
##### ...78/100 perturbations ... #####
##### ...79/100 perturbations ... #####
##### ...80/100 perturbations ... #####
##### ...81/100 perturbations ... #####
##### ...82/100 perturbations ... #####
##### ...83/100 perturbations ... #####
##### ...84/100 perturbations ... #####
##### ...85/100 perturbations ... #####
##### ...86/100 perturbations ... #####
##### ...87/100 perturbations ... #####
##### ...88/100 perturbations ... #####
##### ...89/100 perturbations ... #####
##### ...90/100 perturbations ... #####
##### ...91/100 perturbations ... #####
##### ...92/100 perturbations ... #####
##### ...93/100 perturbations ... #####
##### ...94/100 perturbations ... #####
##### ...95/100 perturbations ... #####
##### ...96/100 perturbations ... #####
##### ...97/100 perturbations ... #####
##### ...98/100 perturbations ... #####
##### ...99/100 perturbations ... #####
##### ...100/100 perturbations ... #####
##### Starting attack #####
##### Attack only using structure perturbations #####
##### Attacking the node directly #####
##### Performing 100 perturbations #####
##### ...1/100 perturbations ... #####
##### ...2/100 perturbations ... #####
##### ...3/100 perturbations ... #####
##### ...4/100 perturbations ... #####
##### ...5/100 perturbations ... #####
##### ...6/100 perturbations ... #####
##### ...7/100 perturbations ... #####
##### ...8/100 perturbations ... #####
##### ...9/100 perturbations ... #####
##### ...10/100 perturbations ... #####
##### ...11/100 perturbations ... #####
##### ...12/100 perturbations ... #####
##### ...13/100 perturbations ... #####
##### ...14/100 perturbations ... #####
##### ...15/100 perturbations ... #####
##### ...16/100 perturbations ... #####
##### ...17/100 perturbations ... #####
##### ...18/100 perturbations ... #####
##### ...19/100 perturbations ... #####
##### ...20/100 perturbations ... #####
##### ...21/100 perturbations ... #####
##### ...22/100 perturbations ... #####
##### ...23/100 perturbations ... #####
##### ...24/100 perturbations ... #####
##### ...25/100 perturbations ... #####
##### ...26/100 perturbations ... #####
##### ...27/100 perturbations ... #####
##### ...28/100 perturbations ... #####
##### ...29/100 perturbations ... #####
##### ...30/100 perturbations ... #####
##### ...31/100 perturbations ... #####
##### ...32/100 perturbations ... #####
##### ...33/100 perturbations ... #####
##### ...34/100 perturbations ... #####
##### ...35/100 perturbations ... #####
##### ...36/100 perturbations ... #####
##### ...37/100 perturbations ... #####
##### ...38/100 perturbations ... #####
##### ...39/100 perturbations ... #####
##### ...40/100 perturbations ... #####
##### ...41/100 perturbations ... #####
##### ...42/100 perturbations ... #####
##### ...43/100 perturbations ... #####
##### ...44/100 perturbations ... #####
##### ...45/100 perturbations ... #####
##### ...46/100 perturbations ... #####
##### ...47/100 perturbations ... #####
##### ...48/100 perturbations ... #####
##### ...49/100 perturbations ... #####
##### ...50/100 perturbations ... #####
##### ...51/100 perturbations ... #####
##### ...52/100 perturbations ... #####
##### ...53/100 perturbations ... #####
##### ...54/100 perturbations ... #####
##### ...55/100 perturbations ... #####
##### ...56/100 perturbations ... #####
##### ...57/100 perturbations ... #####
##### ...58/100 perturbations ... #####
##### ...59/100 perturbations ... #####
##### ...60/100 perturbations ... #####
##### ...61/100 perturbations ... #####
##### ...62/100 perturbations ... #####
##### ...63/100 perturbations ... #####
##### ...64/100 perturbations ... #####
##### ...65/100 perturbations ... #####
##### ...66/100 perturbations ... #####
##### ...67/100 perturbations ... #####
##### ...68/100 perturbations ... #####
##### ...69/100 perturbations ... #####
##### ...70/100 perturbations ... #####
##### ...71/100 perturbations ... #####
##### ...72/100 perturbations ... #####
##### ...73/100 perturbations ... #####
##### ...74/100 perturbations ... #####
##### ...75/100 perturbations ... #####
##### ...76/100 perturbations ... #####
##### ...77/100 perturbations ... #####
##### ...78/100 perturbations ... #####
##### ...79/100 perturbations ... #####
##### ...80/100 perturbations ... #####
##### ...81/100 perturbations ... #####
##### ...82/100 perturbations ... #####
##### ...83/100 perturbations ... #####
##### ...84/100 perturbations ... #####
##### ...85/100 perturbations ... #####
##### ...86/100 perturbations ... #####
##### ...87/100 perturbations ... #####
##### ...88/100 perturbations ... #####
##### ...89/100 perturbations ... #####
##### ...90/100 perturbations ... #####
##### ...91/100 perturbations ... #####
##### ...92/100 perturbations ... #####
##### ...93/100 perturbations ... #####
##### ...94/100 perturbations ... #####
##### ...95/100 perturbations ... #####
##### ...96/100 perturbations ... #####
##### ...97/100 perturbations ... #####
##### ...98/100 perturbations ... #####
##### ...99/100 perturbations ... #####
##### ...100/100 perturbations ... #####
##### Starting attack #####
##### Attack only using structure perturbations #####
##### Attacking the node directly #####
##### Performing 100 perturbations #####
##### ...1/100 perturbations ... #####
##### ...2/100 perturbations ... #####
##### ...3/100 perturbations ... #####
##### ...4/100 perturbations ... #####
##### ...5/100 perturbations ... #####
##### ...6/100 perturbations ... #####
##### ...7/100 perturbations ... #####
##### ...8/100 perturbations ... #####
##### ...9/100 perturbations ... #####
##### ...10/100 perturbations ... #####
##### ...11/100 perturbations ... #####
##### ...12/100 perturbations ... #####
##### ...13/100 perturbations ... #####
##### ...14/100 perturbations ... #####
##### ...15/100 perturbations ... #####
##### ...16/100 perturbations ... #####
##### ...17/100 perturbations ... #####
##### ...18/100 perturbations ... #####
##### ...19/100 perturbations ... #####
##### ...20/100 perturbations ... #####
##### ...21/100 perturbations ... #####
##### ...22/100 perturbations ... #####
##### ...23/100 perturbations ... #####
##### ...24/100 perturbations ... #####
##### ...25/100 perturbations ... #####
##### ...26/100 perturbations ... #####
##### ...27/100 perturbations ... #####
##### ...28/100 perturbations ... #####
##### ...29/100 perturbations ... #####
##### ...30/100 perturbations ... #####
##### ...31/100 perturbations ... #####
##### ...32/100 perturbations ... #####
##### ...33/100 perturbations ... #####
##### ...34/100 perturbations ... #####
##### ...35/100 perturbations ... #####
##### ...36/100 perturbations ... #####
##### ...37/100 perturbations ... #####
##### ...38/100 perturbations ... #####
##### ...39/100 perturbations ... #####
##### ...40/100 perturbations ... #####
##### ...41/100 perturbations ... #####
##### ...42/100 perturbations ... #####
##### ...43/100 perturbations ... #####
##### ...44/100 perturbations ... #####
##### ...45/100 perturbations ... #####
##### ...46/100 perturbations ... #####
##### ...47/100 perturbations ... #####
##### ...48/100 perturbations ... #####
##### ...49/100 perturbations ... #####
##### ...50/100 perturbations ... #####
##### ...51/100 perturbations ... #####
##### ...52/100 perturbations ... #####
##### ...53/100 perturbations ... #####
##### ...54/100 perturbations ... #####
##### ...55/100 perturbations ... #####
##### ...56/100 perturbations ... #####
##### ...57/100 perturbations ... #####
##### ...58/100 perturbations ... #####
##### ...59/100 perturbations ... #####
##### ...60/100 perturbations ... #####
##### ...61/100 perturbations ... #####
##### ...62/100 perturbations ... #####
##### ...63/100 perturbations ... #####
##### ...64/100 perturbations ... #####
##### ...65/100 perturbations ... #####
##### ...66/100 perturbations ... #####
##### ...67/100 perturbations ... #####
##### ...68/100 perturbations ... #####
##### ...69/100 perturbations ... #####
##### ...70/100 perturbations ... #####
##### ...71/100 perturbations ... #####
##### ...72/100 perturbations ... #####
##### ...73/100 perturbations ... #####
##### ...74/100 perturbations ... #####
##### ...75/100 perturbations ... #####
##### ...76/100 perturbations ... #####
##### ...77/100 perturbations ... #####
##### ...78/100 perturbations ... #####
##### ...79/100 perturbations ... #####
##### ...80/100 perturbations ... #####
##### ...81/100 perturbations ... #####
##### ...82/100 perturbations ... #####
##### ...83/100 perturbations ... #####
##### ...84/100 perturbations ... #####
##### ...85/100 perturbations ... #####
##### ...86/100 perturbations ... #####
##### ...87/100 perturbations ... #####
##### ...88/100 perturbations ... #####
##### ...89/100 perturbations ... #####
##### ...90/100 perturbations ... #####
##### ...91/100 perturbations ... #####
##### ...92/100 perturbations ... #####
##### ...93/100 perturbations ... #####
##### ...94/100 perturbations ... #####
##### ...95/100 perturbations ... #####
##### ...96/100 perturbations ... #####
##### ...97/100 perturbations ... #####
##### ...98/100 perturbations ... #####
##### ...99/100 perturbations ... #####
##### ...100/100 perturbations ... #####
##### Starting attack #####
##### Attack only using structure perturbations #####
##### Attacking the node directly #####
##### Performing 100 perturbations #####
##### ...1/100 perturbations ... #####
##### ...2/100 perturbations ... #####
##### ...3/100 perturbations ... #####
##### ...4/100 perturbations ... #####
##### ...5/100 perturbations ... #####
##### ...6/100 perturbations ... #####
##### ...7/100 perturbations ... #####
##### ...8/100 perturbations ... #####
##### ...9/100 perturbations ... #####
##### ...10/100 perturbations ... #####
##### ...11/100 perturbations ... #####
##### ...12/100 perturbations ... #####
##### ...13/100 perturbations ... #####
##### ...14/100 perturbations ... #####
##### ...15/100 perturbations ... #####
##### ...16/100 perturbations ... #####
##### ...17/100 perturbations ... #####
##### ...18/100 perturbations ... #####
##### ...19/100 perturbations ... #####
##### ...20/100 perturbations ... #####
##### ...21/100 perturbations ... #####
##### ...22/100 perturbations ... #####
##### ...23/100 perturbations ... #####
##### ...24/100 perturbations ... #####
##### ...25/100 perturbations ... #####
##### ...26/100 perturbations ... #####
##### ...27/100 perturbations ... #####
##### ...28/100 perturbations ... #####
##### ...29/100 perturbations ... #####
##### ...30/100 perturbations ... #####
##### ...31/100 perturbations ... #####
##### ...32/100 perturbations ... #####
##### ...33/100 perturbations ... #####
##### ...34/100 perturbations ... #####
##### ...35/100 perturbations ... #####
##### ...36/100 perturbations ... #####
##### ...37/100 perturbations ... #####
##### ...38/100 perturbations ... #####
##### ...39/100 perturbations ... #####
##### ...40/100 perturbations ... #####
##### ...41/100 perturbations ... #####
##### ...42/100 perturbations ... #####
##### ...43/100 perturbations ... #####
##### ...44/100 perturbations ... #####
##### ...45/100 perturbations ... #####
##### ...46/100 perturbations ... #####
##### ...47/100 perturbations ... #####
##### ...48/100 perturbations ... #####
##### ...49/100 perturbations ... #####
##### ...50/100 perturbations ... #####
##### ...51/100 perturbations ... #####
##### ...52/100 perturbations ... #####
##### ...53/100 perturbations ... #####
##### ...54/100 perturbations ... #####
##### ...55/100 perturbations ... #####
##### ...56/100 perturbations ... #####
##### ...57/100 perturbations ... #####
##### ...58/100 perturbations ... #####
##### ...59/100 perturbations ... #####
##### ...60/100 perturbations ... #####
##### ...61/100 perturbations ... #####
##### ...62/100 perturbations ... #####
##### ...63/100 perturbations ... #####
##### ...64/100 perturbations ... #####
##### ...65/100 perturbations ... #####
##### ...66/100 perturbations ... #####
##### ...67/100 perturbations ... #####
##### ...68/100 perturbations ... #####
##### ...69/100 perturbations ... #####
##### ...70/100 perturbations ... #####
##### ...71/100 perturbations ... #####
##### ...72/100 perturbations ... #####
##### ...73/100 perturbations ... #####
##### ...74/100 perturbations ... #####
##### ...75/100 perturbations ... #####
##### ...76/100 perturbations ... #####
##### ...77/100 perturbations ... #####
##### ...78/100 perturbations ... #####
##### ...79/100 perturbations ... #####
##### ...80/100 perturbations ... #####
##### ...81/100 perturbations ... #####
##### ...82/100 perturbations ... #####
##### ...83/100 perturbations ... #####
##### ...84/100 perturbations ... #####
##### ...85/100 perturbations ... #####
##### ...86/100 perturbations ... #####
##### ...87/100 perturbations ... #####
##### ...88/100 perturbations ... #####
##### ...89/100 perturbations ... #####
##### ...90/100 perturbations ... #####
##### ...91/100 perturbations ... #####
##### ...92/100 perturbations ... #####
##### ...93/100 perturbations ... #####
##### ...94/100 perturbations ... #####
##### ...95/100 perturbations ... #####
##### ...96/100 perturbations ... #####
##### ...97/100 perturbations ... #####
##### ...98/100 perturbations ... #####
##### ...99/100 perturbations ... #####
##### ...100/100 perturbations ... #####
##### Starting attack #####
##### Attack only using structure perturbations #####
##### Attacking the node directly #####
##### Performing 100 perturbations #####
##### ...1/100 perturbations ... #####
##### ...2/100 perturbations ... #####
##### ...3/100 perturbations ... #####
##### ...4/100 perturbations ... #####
##### ...5/100 perturbations ... #####
##### ...6/100 perturbations ... #####
##### ...7/100 perturbations ... #####
##### ...8/100 perturbations ... #####
##### ...9/100 perturbations ... #####
##### ...10/100 perturbations ... #####
##### ...11/100 perturbations ... #####
##### ...12/100 perturbations ... #####
##### ...13/100 perturbations ... #####
##### ...14/100 perturbations ... #####
##### ...15/100 perturbations ... #####
##### ...16/100 perturbations ... #####
##### ...17/100 perturbations ... #####
##### ...18/100 perturbations ... #####
##### ...19/100 perturbations ... #####
##### ...20/100 perturbations ... #####
##### ...21/100 perturbations ... #####
##### ...22/100 perturbations ... #####
##### ...23/100 perturbations ... #####
##### ...24/100 perturbations ... #####
##### ...25/100 perturbations ... #####
##### ...26/100 perturbations ... #####
##### ...27/100 perturbations ... #####
##### ...28/100 perturbations ... #####
##### ...29/100 perturbations ... #####
##### ...30/100 perturbations ... #####
##### ...31/100 perturbations ... #####
##### ...32/100 perturbations ... #####
##### ...33/100 perturbations ... #####
##### ...34/100 perturbations ... #####
##### ...35/100 perturbations ... #####
##### ...36/100 perturbations ... #####
##### ...37/100 perturbations ... #####
##### ...38/100 perturbations ... #####
##### ...39/100 perturbations ... #####
##### ...40/100 perturbations ... #####
##### ...41/100 perturbations ... #####
##### ...42/100 perturbations ... #####
##### ...43/100 perturbations ... #####
##### ...44/100 perturbations ... #####
##### ...45/100 perturbations ... #####
##### ...46/100 perturbations ... #####
##### ...47/100 perturbations ... #####
##### ...48/100 perturbations ... #####
##### ...49/100 perturbations ... #####
##### ...50/100 perturbations ... #####
##### ...51/100 perturbations ... #####
##### ...52/100 perturbations ... #####
##### ...53/100 perturbations ... #####
##### ...54/100 perturbations ... #####
##### ...55/100 perturbations ... #####
##### ...56/100 perturbations ... #####
##### ...57/100 perturbations ... #####
##### ...58/100 perturbations ... #####
##### ...59/100 perturbations ... #####
##### ...60/100 perturbations ... #####
##### ...61/100 perturbations ... #####
##### ...62/100 perturbations ... #####
##### ...63/100 perturbations ... #####
##### ...64/100 perturbations ... #####
##### ...65/100 perturbations ... #####
##### ...66/100 perturbations ... #####
##### ...67/100 perturbations ... #####
##### ...68/100 perturbations ... #####
##### ...69/100 perturbations ... #####
##### ...70/100 perturbations ... #####
##### ...71/100 perturbations ... #####
##### ...72/100 perturbations ... #####
##### ...73/100 perturbations ... #####
##### ...74/100 perturbations ... #####
##### ...75/100 perturbations ... #####
##### ...76/100 perturbations ... #####
##### ...77/100 perturbations ... #####
##### ...78/100 perturbations ... #####
##### ...79/100 perturbations ... #####
##### ...80/100 perturbations ... #####
##### ...81/100 perturbations ... #####
##### ...82/100 perturbations ... #####
##### ...83/100 perturbations ... #####
##### ...84/100 perturbations ... #####
##### ...85/100 perturbations ... #####
##### ...86/100 perturbations ... #####
##### ...87/100 perturbations ... #####
##### ...88/100 perturbations ... #####
##### ...89/100 perturbations ... #####
##### ...90/100 perturbations ... #####
##### ...91/100 perturbations ... #####
##### ...92/100 perturbations ... #####
##### ...93/100 perturbations ... #####
##### ...94/100 perturbations ... #####
##### ...95/100 perturbations ... #####
##### ...96/100 perturbations ... #####
##### ...97/100 perturbations ... #####
##### ...98/100 perturbations ... #####
##### ...99/100 perturbations ... #####
##### ...100/100 perturbations ... #####
##### Starting attack #####
##### Attack only using structure perturbations #####
##### Attacking the node directly #####
##### Performing 100 perturbations #####
##### ...1/100 perturbations ... #####
##### ...2/100 perturbations ... #####
##### ...3/100 perturbations ... #####
##### ...4/100 perturbations ... #####
##### ...5/100 perturbations ... #####
##### ...6/100 perturbations ... #####
##### ...7/100 perturbations ... #####
##### ...8/100 perturbations ... #####
##### ...9/100 perturbations ... #####
##### ...10/100 perturbations ... #####
##### ...11/100 perturbations ... #####
##### ...12/100 perturbations ... #####
##### ...13/100 perturbations ... #####
##### ...14/100 perturbations ... #####
##### ...15/100 perturbations ... #####
##### ...16/100 perturbations ... #####
##### ...17/100 perturbations ... #####
##### ...18/100 perturbations ... #####
##### ...19/100 perturbations ... #####
##### ...20/100 perturbations ... #####
##### ...21/100 perturbations ... #####
##### ...22/100 perturbations ... #####
##### ...23/100 perturbations ... #####
##### ...24/100 perturbations ... #####
##### ...25/100 perturbations ... #####
##### ...26/100 perturbations ... #####
##### ...27/100 perturbations ... #####
##### ...28/100 perturbations ... #####
##### ...29/100 perturbations ... #####
##### ...30/100 perturbations ... #####
##### ...31/100 perturbations ... #####
##### ...32/100 perturbations ... #####
##### ...33/100 perturbations ... #####
##### ...34/100 perturbations ... #####
##### ...35/100 perturbations ... #####
##### ...36/100 perturbations ... #####
##### ...37/100 perturbations ... #####
##### ...38/100 perturbations ... #####
##### ...39/100 perturbations ... #####
##### ...40/100 perturbations ... #####
##### ...41/100 perturbations ... #####
##### ...42/100 perturbations ... #####
##### ...43/100 perturbations ... #####
##### ...44/100 perturbations ... #####
##### ...45/100 perturbations ... #####
##### ...46/100 perturbations ... #####
##### ...47/100 perturbations ... #####
##### ...48/100 perturbations ... #####
##### ...49/100 perturbations ... #####
##### ...50/100 perturbations ... #####
##### ...51/100 perturbations ... #####
##### ...52/100 perturbations ... #####
##### ...53/100 perturbations ... #####
##### ...54/100 perturbations ... #####
##### ...55/100 perturbations ... #####
##### ...56/100 perturbations ... #####
##### ...57/100 perturbations ... #####
##### ...58/100 perturbations ... #####
##### ...59/100 perturbations ... #####
##### ...60/100 perturbations ... #####
##### ...61/100 perturbations ... #####
##### ...62/100 perturbations ... #####
##### ...63/100 perturbations ... #####
##### ...64/100 perturbations ... #####
##### ...65/100 perturbations ... #####
##### ...66/100 perturbations ... #####
##### ...67/100 perturbations ... #####
##### ...68/100 perturbations ... #####
##### ...69/100 perturbations ... #####
##### ...70/100 perturbations ... #####
##### ...71/100 perturbations ... #####
##### ...72/100 perturbations ... #####
##### ...73/100 perturbations ... #####
##### ...74/100 perturbations ... #####
##### ...75/100 perturbations ... #####
##### ...76/100 perturbations ... #####
##### ...77/100 perturbations ... #####
##### ...78/100 perturbations ... #####
##### ...79/100 perturbations ... #####
##### ...80/100 perturbations ... #####
##### ...81/100 perturbations ... #####
##### ...82/100 perturbations ... #####
##### ...83/100 perturbations ... #####
##### ...84/100 perturbations ... #####
##### ...85/100 perturbations ... #####
##### ...86/100 perturbations ... #####
##### ...87/100 perturbations ... #####
##### ...88/100 perturbations ... #####
##### ...89/100 perturbations ... #####
##### ...90/100 perturbations ... #####
##### ...91/100 perturbations ... #####
##### ...92/100 perturbations ... #####
##### ...93/100 perturbations ... #####
##### ...94/100 perturbations ... #####
##### ...95/100 perturbations ... #####
##### ...96/100 perturbations ... #####
##### ...97/100 perturbations ... #####
##### ...98/100 perturbations ... #####
##### ...99/100 perturbations ... #####
##### ...100/100 perturbations ... #####
##### Starting attack #####
##### Attack only using structure perturbations #####
##### Attacking the node directly #####
##### Performing 100 perturbations #####
##### ...1/100 perturbations ... #####
##### ...2/100 perturbations ... #####
##### ...3/100 perturbations ... #####
##### ...4/100 perturbations ... #####
##### ...5/100 perturbations ... #####
##### ...6/100 perturbations ... #####
##### ...7/100 perturbations ... #####
##### ...8/100 perturbations ... #####
##### ...9/100 perturbations ... #####
##### ...10/100 perturbations ... #####
##### ...11/100 perturbations ... #####
##### ...12/100 perturbations ... #####
##### ...13/100 perturbations ... #####
##### ...14/100 perturbations ... #####
##### ...15/100 perturbations ... #####
##### ...16/100 perturbations ... #####
##### ...17/100 perturbations ... #####
##### ...18/100 perturbations ... #####
##### ...19/100 perturbations ... #####
##### ...20/100 perturbations ... #####
##### ...21/100 perturbations ... #####
##### ...22/100 perturbations ... #####
##### ...23/100 perturbations ... #####
##### ...24/100 perturbations ... #####
##### ...25/100 perturbations ... #####
##### ...26/100 perturbations ... #####
##### ...27/100 perturbations ... #####
##### ...28/100 perturbations ... #####
##### ...29/100 perturbations ... #####
##### ...30/100 perturbations ... #####
##### ...31/100 perturbations ... #####
##### ...32/100 perturbations ... #####
##### ...33/100 perturbations ... #####
##### ...34/100 perturbations ... #####
##### ...35/100 perturbations ... #####
##### ...36/100 perturbations ... #####
##### ...37/100 perturbations ... #####
##### ...38/100 perturbations ... #####
##### ...39/100 perturbations ... #####
##### ...40/100 perturbations ... #####
##### ...41/100 perturbations ... #####
##### ...42/100 perturbations ... #####
##### ...43/100 perturbations ... #####
##### ...44/100 perturbations ... #####
##### ...45/100 perturbations ... #####
##### ...46/100 perturbations ... #####
##### ...47/100 perturbations ... #####
##### ...48/100 perturbations ... #####
##### ...49/100 perturbations ... #####
##### ...50/100 perturbations ... #####
##### ...51/100 perturbations ... #####
##### ...52/100 perturbations ... #####
##### ...53/100 perturbations ... #####
##### ...54/100 perturbations ... #####
##### ...55/100 perturbations ... #####
##### ...56/100 perturbations ... #####
##### ...57/100 perturbations ... #####
##### ...58/100 perturbations ... #####
##### ...59/100 perturbations ... #####
##### ...60/100 perturbations ... #####
##### ...61/100 perturbations ... #####
##### ...62/100 perturbations ... #####
##### ...63/100 perturbations ... #####
##### ...64/100 perturbations ... #####
##### ...65/100 perturbations ... #####
##### ...66/100 perturbations ... #####
##### ...67/100 perturbations ... #####
##### ...68/100 perturbations ... #####
##### ...69/100 perturbations ... #####
##### ...70/100 perturbations ... #####
##### ...71/100 perturbations ... #####
##### ...72/100 perturbations ... #####
##### ...73/100 perturbations ... #####
##### ...74/100 perturbations ... #####
##### ...75/100 perturbations ... #####
##### ...76/100 perturbations ... #####
##### ...77/100 perturbations ... #####
##### ...78/100 perturbations ... #####
##### ...79/100 perturbations ... #####
##### ...80/100 perturbations ... #####
##### ...81/100 perturbations ... #####
##### ...82/100 perturbations ... #####
##### ...83/100 perturbations ... #####
##### ...84/100 perturbations ... #####
##### ...85/100 perturbations ... #####
##### ...86/100 perturbations ... #####
##### ...87/100 perturbations ... #####
##### ...88/100 perturbations ... #####
##### ...89/100 perturbations ... #####
##### ...90/100 perturbations ... #####
##### ...91/100 perturbations ... #####
##### ...92/100 perturbations ... #####
##### ...93/100 perturbations ... #####
##### ...94/100 perturbations ... #####
##### ...95/100 perturbations ... #####
##### ...96/100 perturbations ... #####
##### ...97/100 perturbations ... #####
##### ...98/100 perturbations ... #####
##### ...99/100 perturbations ... #####
##### ...100/100 perturbations ... #####
##### Starting attack #####
##### Attack only using structure perturbations #####
##### Attacking the node directly #####
##### Performing 100 perturbations #####
##### ...1/100 perturbations ... #####
##### ...2/100 perturbations ... #####
##### ...3/100 perturbations ... #####
##### ...4/100 perturbations ... #####
##### ...5/100 perturbations ... #####
##### ...6/100 perturbations ... #####
##### ...7/100 perturbations ... #####
##### ...8/100 perturbations ... #####
##### ...9/100 perturbations ... #####
##### ...10/100 perturbations ... #####
##### ...11/100 perturbations ... #####
##### ...12/100 perturbations ... #####
##### ...13/100 perturbations ... #####
##### ...14/100 perturbations ... #####
##### ...15/100 perturbations ... #####
##### ...16/100 perturbations ... #####
##### ...17/100 perturbations ... #####
##### ...18/100 perturbations ... #####
##### ...19/100 perturbations ... #####
##### ...20/100 perturbations ... #####
##### ...21/100 perturbations ... #####
##### ...22/100 perturbations ... #####
##### ...23/100 perturbations ... #####
##### ...24/100 perturbations ... #####
##### ...25/100 perturbations ... #####
##### ...26/100 perturbations ... #####
##### ...27/100 perturbations ... #####
##### ...28/100 perturbations ... #####
##### ...29/100 perturbations ... #####
##### ...30/100 perturbations ... #####
##### ...31/100 perturbations ... #####
##### ...32/100 perturbations ... #####
##### ...33/100 perturbations ... #####
##### ...34/100 perturbations ... #####
##### ...35/100 perturbations ... #####
##### ...36/100 perturbations ... #####
##### ...37/100 perturbations ... #####
##### ...38/100 perturbations ... #####
##### ...39/100 perturbations ... #####
##### ...40/100 perturbations ... #####
##### ...41/100 perturbations ... #####
##### ...42/100 perturbations ... #####
##### ...43/100 perturbations ... #####
##### ...44/100 perturbations ... #####
##### ...45/100 perturbations ... #####
##### ...46/100 perturbations ... #####
##### ...47/100 perturbations ... #####
##### ...48/100 perturbations ... #####
##### ...49/100 perturbations ... #####
##### ...50/100 perturbations ... #####
##### ...51/100 perturbations ... #####
##### ...52/100 perturbations ... #####
##### ...53/100 perturbations ... #####
##### ...54/100 perturbations ... #####
##### ...55/100 perturbations ... #####
##### ...56/100 perturbations ... #####
##### ...57/100 perturbations ... #####
##### ...58/100 perturbations ... #####
##### ...59/100 perturbations ... #####
##### ...60/100 perturbations ... #####
##### ...61/100 perturbations ... #####
##### ...62/100 perturbations ... #####
##### ...63/100 perturbations ... #####
##### ...64/100 perturbations ... #####
##### ...65/100 perturbations ... #####
##### ...66/100 perturbations ... #####
##### ...67/100 perturbations ... #####
##### ...68/100 perturbations ... #####
##### ...69/100 perturbations ... #####
##### ...70/100 perturbations ... #####
##### ...71/100 perturbations ... #####
##### ...72/100 perturbations ... #####
##### ...73/100 perturbations ... #####
##### ...74/100 perturbations ... #####
##### ...75/100 perturbations ... #####
##### ...76/100 perturbations ... #####
##### ...77/100 perturbations ... #####
##### ...78/100 perturbations ... #####
##### ...79/100 perturbations ... #####
##### ...80/100 perturbations ... #####
##### ...81/100 perturbations ... #####
##### ...82/100 perturbations ... #####
##### ...83/100 perturbations ... #####
##### ...84/100 perturbations ... #####
##### ...85/100 perturbations ... #####
##### ...86/100 perturbations ... #####
##### ...87/100 perturbations ... #####
##### ...88/100 perturbations ... #####
##### ...89/100 perturbations ... #####
##### ...90/100 perturbations ... #####
##### ...91/100 perturbations ... #####
##### ...92/100 perturbations ... #####
##### ...93/100 perturbations ... #####
##### ...94/100 perturbations ... #####
##### ...95/100 perturbations ... #####
##### ...96/100 perturbations ... #####
##### ...97/100 perturbations ... #####
##### ...98/100 perturbations ... #####
##### ...99/100 perturbations ... #####
##### ...100/100 perturbations ... #####
##### Starting attack #####
##### Attack only using structure perturbations #####
##### Attacking the node directly #####
##### Performing 100 perturbations #####
##### ...1/100 perturbations ... #####
##### ...2/100 perturbations ... #####
##### ...3/100 perturbations ... #####
##### ...4/100 perturbations ... #####
##### ...5/100 perturbations ... #####
##### ...6/100 perturbations ... #####
##### ...7/100 perturbations ... #####
##### ...8/100 perturbations ... #####
##### ...9/100 perturbations ... #####
##### ...10/100 perturbations ... #####
##### ...11/100 perturbations ... #####
##### ...12/100 perturbations ... #####
##### ...13/100 perturbations ... #####
##### ...14/100 perturbations ... #####
##### ...15/100 perturbations ... #####
##### ...16/100 perturbations ... #####
##### ...17/100 perturbations ... #####
##### ...18/100 perturbations ... #####
##### ...19/100 perturbations ... #####
##### ...20/100 perturbations ... #####
##### ...21/100 perturbations ... #####
##### ...22/100 perturbations ... #####
##### ...23/100 perturbations ... #####
##### ...24/100 perturbations ... #####
##### ...25/100 perturbations ... #####
##### ...26/100 perturbations ... #####
##### ...27/100 perturbations ... #####
##### ...28/100 perturbations ... #####
##### ...29/100 perturbations ... #####
##### ...30/100 perturbations ... #####
##### ...31/100 perturbations ... #####
##### ...32/100 perturbations ... #####
##### ...33/100 perturbations ... #####
##### ...34/100 perturbations ... #####
##### ...35/100 perturbations ... #####
##### ...36/100 perturbations ... #####
##### ...37/100 perturbations ... #####
##### ...38/100 perturbations ... #####
##### ...39/100 perturbations ... #####
##### ...40/100 perturbations ... #####
##### ...41/100 perturbations ... #####
##### ...42/100 perturbations ... #####
##### ...43/100 perturbations ... #####
##### ...44/100 perturbations ... #####
##### ...45/100 perturbations ... #####
##### ...46/100 perturbations ... #####
##### ...47/100 perturbations ... #####
##### ...48/100 perturbations ... #####