/Users/easwarkrishnaap/Desktop/ADVERSARIAL ATTACK PROJECT/main.py:59: UserWarning: Creating a tensor from a list of numpy.ndarrays is extremely slow. Please consider converting the list to a single numpy.ndarray with numpy.array() before converting to a tensor. (Triggered internally at /Users/runner/work/pytorch/pytorch/pytorch/torch/csrc/utils/tensor_new.cpp:256.)
  data_rnd.edge_index = torch.tensor([r, c], dtype=torch.long)
/opt/miniconda3/lib/python3.13/site-packages/deeprobust/graph/utils.py:356: UserWarning: torch.sparse.SparseTensor(indices, values, shape, *, device=) is deprecated.  Please use torch.sparse_coo_tensor(indices, values, shape, dtype=, device=). (Triggered internally at /Users/runner/work/pytorch/pytorch/pytorch/torch/csrc/utils/tensor_new.cpp:656.)
  return torch.sparse.FloatTensor(sparseconcat.t(),sparsedata,torch.Size(sparse_mx.shape))
=== STARTING REFINED EXPERIMENTAL PIPELINE ===
Dataset: Cora
Number of nodes: 2708
Number of edges: 10556
Number of features: 1433
Number of classes: 7
Dataset: Cora
Number of nodes: 2708
Number of edges: 10556
Number of features: 1433
Number of classes: 7

Training GCN Baseline...
Epoch 000, Loss: 1.9454
Epoch 020, Loss: 1.6588
Epoch 040, Loss: 1.2476
Epoch 060, Loss: 0.9088
Epoch 080, Loss: 0.6764
Epoch 100, Loss: 0.5234
Epoch 120, Loss: 0.4329
Epoch 140, Loss: 0.3814
Epoch 160, Loss: 0.3738
Epoch 180, Loss: 0.3380
GCN Baseline Metrics: {'accuracy': 0.799, 'precision': 0.7809718908778763, 'recall': 0.800389225501862, 'f1_macro': 0.7873801774692825, 'f1_micro': 0.799, 'roc_auc': 0.963384671271231}

Training GAT Baseline...
Epoch 000, Loss: 1.9443
Epoch 020, Loss: 1.5584
Epoch 040, Loss: 1.1639
Epoch 060, Loss: 0.9250
Epoch 080, Loss: 0.7895
Epoch 100, Loss: 0.6982
Epoch 120, Loss: 0.7005
Epoch 140, Loss: 0.6645
Epoch 160, Loss: 0.6197
Epoch 180, Loss: 0.4939
GAT Baseline Metrics: {'accuracy': 0.82, 'precision': 0.801357813268355, 'recall': 0.8195707616677271, 'f1_macro': 0.8069987158356803, 'f1_micro': 0.82, 'roc_auc': 0.9734880822287523}

[Poisoning Attacks] Retraining required...
Running Random Edge Injection Poisoning...
Epoch 000, Loss: 1.9462
Epoch 020, Loss: 1.7470
Epoch 040, Loss: 1.3991
Epoch 060, Loss: 1.0957
Epoch 080, Loss: 0.8079
Running Nettack Poisoning (Targeted)...
##### Starting attack #####
##### Attack only using structure perturbations #####
##### Attacking the node directly #####
##### Performing 100 perturbations #####
##### ...1/100 perturbations ... #####
##### ...2/100 perturbations ... #####
##### ...3/100 perturbations ... #####
##### ...4/100 perturbations ... #####
##### ...5/100 perturbations ... #####
##### ...6/100 perturbations ... #####
##### ...7/100 perturbations ... #####
##### ...8/100 perturbations ... #####
##### ...9/100 perturbations ... #####
##### ...10/100 perturbations ... #####
##### ...11/100 perturbations ... #####
##### ...12/100 perturbations ... #####
##### ...13/100 perturbations ... #####
##### ...14/100 perturbations ... #####
##### ...15/100 perturbations ... #####
##### ...16/100 perturbations ... #####
##### ...17/100 perturbations ... #####
##### ...18/100 perturbations ... #####
##### ...19/100 perturbations ... #####
##### ...20/100 perturbations ... #####
##### ...21/100 perturbations ... #####
##### ...22/100 perturbations ... #####
##### ...23/100 perturbations ... #####
##### ...24/100 perturbations ... #####
##### ...25/100 perturbations ... #####
##### ...26/100 perturbations ... #####
##### ...27/100 perturbations ... #####
##### ...28/100 perturbations ... #####
##### ...29/100 perturbations ... #####
##### ...30/100 perturbations ... #####
##### ...31/100 perturbations ... #####
##### ...32/100 perturbations ... #####
##### ...33/100 perturbations ... #####
##### ...34/100 perturbations ... #####
##### ...35/100 perturbations ... #####
##### ...36/100 perturbations ... #####
##### ...37/100 perturbations ... #####
##### ...38/100 perturbations ... #####
##### ...39/100 perturbations ... #####
##### ...40/100 perturbations ... #####
##### ...41/100 perturbations ... #####
##### ...42/100 perturbations ... #####
##### ...43/100 perturbations ... #####
##### ...44/100 perturbations ... #####
##### ...45/100 perturbations ... #####
##### ...46/100 perturbations ... #####
##### ...47/100 perturbations ... #####
##### ...48/100 perturbations ... #####
##### ...49/100 perturbations ... #####
##### ...50/100 perturbations ... #####
##### ...51/100 perturbations ... #####
##### ...52/100 perturbations ... #####
##### ...53/100 perturbations ... #####
##### ...54/100 perturbations ... #####
##### ...55/100 perturbations ... #####
##### ...56/100 perturbations ... #####
##### ...57/100 perturbations ... #####
##### ...58/100 perturbations ... #####
##### ...59/100 perturbations ... #####
##### ...60/100 perturbations ... #####
##### ...61/100 perturbations ... #####
##### ...62/100 perturbations ... #####
##### ...63/100 perturbations ... #####
##### ...64/100 perturbations ... #####
##### ...65/100 perturbations ... #####
##### ...66/100 perturbations ... #####
##### ...67/100 perturbations ... #####
##### ...68/100 perturbations ... #####
##### ...69/100 perturbations ... #####
##### ...70/100 perturbations ... #####
##### ...71/100 perturbations ... #####
##### ...72/100 perturbations ... #####
##### ...73/100 perturbations ... #####
##### ...74/100 perturbations ... #####
##### ...75/100 perturbations ... #####
##### ...76/100 perturbations ... #####
##### ...77/100 perturbations ... #####
##### ...78/100 perturbations ... #####
##### ...79/100 perturbations ... #####
##### ...80/100 perturbations ... #####
##### ...81/100 perturbations ... #####
##### ...82/100 perturbations ... #####
##### ...83/100 perturbations ... #####
##### ...84/100 perturbations ... #####
##### ...85/100 perturbations ... #####
##### ...86/100 perturbations ... #####
##### ...87/100 perturbations ... #####
##### ...88/100 perturbations ... #####
##### ...89/100 perturbations ... #####
##### ...90/100 perturbations ... #####
##### ...91/100 perturbations ... #####
##### ...92/100 perturbations ... #####
##### ...93/100 perturbations ... #####
##### ...94/100 perturbations ... #####
##### ...95/100 perturbations ... #####
##### ...96/100 perturbations ... #####
##### ...97/100 perturbations ... #####
##### ...98/100 perturbations ... #####
##### ...99/100 perturbations ... #####
##### ...100/100 perturbations ... #####
##### Starting attack #####
##### Attack only using structure perturbations #####
##### Attacking the node directly #####
##### Performing 100 perturbations #####
##### ...1/100 perturbations ... #####
##### ...2/100 perturbations ... #####
##### ...3/100 perturbations ... #####
##### ...4/100 perturbations ... #####
##### ...5/100 perturbations ... #####
##### ...6/100 perturbations ... #####
##### ...7/100 perturbations ... #####
##### ...8/100 perturbations ... #####
##### ...9/100 perturbations ... #####
##### ...10/100 perturbations ... #####
##### ...11/100 perturbations ... #####
##### ...12/100 perturbations ... #####
##### ...13/100 perturbations ... #####
##### ...14/100 perturbations ... #####
##### ...15/100 perturbations ... #####
##### ...16/100 perturbations ... #####
##### ...17/100 perturbations ... #####
##### ...18/100 perturbations ... #####
##### ...19/100 perturbations ... #####
##### ...20/100 perturbations ... #####
##### ...21/100 perturbations ... #####
##### ...22/100 perturbations ... #####
##### ...23/100 perturbations ... #####
##### ...24/100 perturbations ... #####
##### ...25/100 perturbations ... #####
##### ...26/100 perturbations ... #####
##### ...27/100 perturbations ... #####
##### ...28/100 perturbations ... #####
##### ...29/100 perturbations ... #####
##### ...30/100 perturbations ... #####
##### ...31/100 perturbations ... #####
##### ...32/100 perturbations ... #####
##### ...33/100 perturbations ... #####
##### ...34/100 perturbations ... #####
##### ...35/100 perturbations ... #####
##### ...36/100 perturbations ... #####
##### ...37/100 perturbations ... #####
##### ...38/100 perturbations ... #####
##### ...39/100 perturbations ... #####
##### ...40/100 perturbations ... #####
##### ...41/100 perturbations ... #####
##### ...42/100 perturbations ... #####
##### ...43/100 perturbations ... #####
##### ...44/100 perturbations ... #####
##### ...45/100 perturbations ... #####
##### ...46/100 perturbations ... #####
##### ...47/100 perturbations ... #####
##### ...48/100 perturbations ... #####
##### ...49/100 perturbations ... #####
##### ...50/100 perturbations ... #####
##### ...51/100 perturbations ... #####
##### ...52/100 perturbations ... #####
##### ...53/100 perturbations ... #####
##### ...54/100 perturbations ... #####
##### ...55/100 perturbations ... #####
##### ...56/100 perturbations ... #####
##### ...57/100 perturbations ... #####
##### ...58/100 perturbations ... #####
##### ...59/100 perturbations ... #####
##### ...60/100 perturbations ... #####
##### ...61/100 perturbations ... #####
##### ...62/100 perturbations ... #####
##### ...63/100 perturbations ... #####
##### ...64/100 perturbations ... #####
##### ...65/100 perturbations ... #####
##### ...66/100 perturbations ... #####
##### ...67/100 perturbations ... #####
##### ...68/100 perturbations ... #####
##### ...69/100 perturbations ... #####
##### ...70/100 perturbations ... #####
##### ...71/100 perturbations ... #####
##### ...72/100 perturbations ... #####
##### ...73/100 perturbations ... #####
##### ...74/100 perturbations ... #####
##### ...75/100 perturbations ... #####
##### ...76/100 perturbations ... #####
##### ...77/100 perturbations ... #####
##### ...78/100 perturbations ... #####
##### ...79/100 perturbations ... #####
##### ...80/100 perturbations ... #####
##### ...81/100 perturbations ... #####
##### ...82/100 perturbations ... #####
##### ...83/100 perturbations ... #####
##### ...84/100 perturbations ... #####
##### ...85/100 perturbations ... #####
##### ...86/100 perturbations ... #####
##### ...87/100 perturbations ... #####
##### ...88/100 perturbations ... #####
##### ...89/100 perturbations ... #####
##### ...90/100 perturbations ... #####
##### ...91/100 perturbations ... #####
##### ...92/100 perturbations ... #####
##### ...93/100 perturbations ... #####
##### ...94/100 perturbations ... #####
##### ...95/100 perturbations ... #####
##### ...96/100 perturbations ... #####
##### ...97/100 perturbations ... #####
##### ...98/100 perturbations ... #####
##### ...99/100 perturbations ... #####
##### ...100/100 perturbations ... #####
##### Starting attack #####
##### Attack only using structure perturbations #####
##### Attacking the node directly #####
##### Performing 100 perturbations #####
##### ...1/100 perturbations ... #####
##### ...2/100 perturbations ... #####
##### ...3/100 perturbations ... #####
##### ...4/100 perturbations ... #####
##### ...5/100 perturbations ... #####
##### ...6/100 perturbations ... #####
##### ...7/100 perturbations ... #####
##### ...8/100 perturbations ... #####
##### ...9/100 perturbations ... #####
##### ...10/100 perturbations ... #####
##### ...11/100 perturbations ... #####
##### ...12/100 perturbations ... #####
##### ...13/100 perturbations ... #####
##### ...14/100 perturbations ... #####
##### ...15/100 perturbations ... #####
##### ...16/100 perturbations ... #####
##### ...17/100 perturbations ... #####
##### ...18/100 perturbations ... #####
##### ...19/100 perturbations ... #####
##### ...20/100 perturbations ... #####
##### ...21/100 perturbations ... #####
##### ...22/100 perturbations ... #####
##### ...23/100 perturbations ... #####
##### ...24/100 perturbations ... #####
##### ...25/100 perturbations ... #####
##### ...26/100 perturbations ... #####
##### ...27/100 perturbations ... #####
##### ...28/100 perturbations ... #####
##### ...29/100 perturbations ... #####
##### ...30/100 perturbations ... #####
##### ...31/100 perturbations ... #####
##### ...32/100 perturbations ... #####
##### ...33/100 perturbations ... #####
##### ...34/100 perturbations ... #####
##### ...35/100 perturbations ... #####
##### ...36/100 perturbations ... #####
##### ...37/100 perturbations ... #####
##### ...38/100 perturbations ... #####
##### ...39/100 perturbations ... #####
##### ...40/100 perturbations ... #####
##### ...41/100 perturbations ... #####
##### ...42/100 perturbations ... #####
##### ...43/100 perturbations ... #####
##### ...44/100 perturbations ... #####
##### ...45/100 perturbations ... #####
##### ...46/100 perturbations ... #####
##### ...47/100 perturbations ... #####
##### ...48/100 perturbations ... #####
##### ...49/100 perturbations ... #####
##### ...50/100 perturbations ... #####
##### ...51/100 perturbations ... #####
##### ...52/100 perturbations ... #####
##### ...53/100 perturbations ... #####
##### ...54/100 perturbations ... #####
##### ...55/100 perturbations ... #####
##### ...56/100 perturbations ... #####
##### ...57/100 perturbations ... #####
##### ...58/100 perturbations ... #####
##### ...59/100 perturbations ... #####
##### ...60/100 perturbations ... #####
##### ...61/100 perturbations ... #####
##### ...62/100 perturbations ... #####
##### ...63/100 perturbations ... #####
##### ...64/100 perturbations ... #####
##### ...65/100 perturbations ... #####
##### ...66/100 perturbations ... #####
##### ...67/100 perturbations ... #####
##### ...68/100 perturbations ... #####
##### ...69/100 perturbations ... #####
##### ...70/100 perturbations ... #####
##### ...71/100 perturbations ... #####
##### ...72/100 perturbations ... #####
##### ...73/100 perturbations ... #####
##### ...74/100 perturbations ... #####
##### ...75/100 perturbations ... #####
##### ...76/100 perturbations ... #####
##### ...77/100 perturbations ... #####
##### ...78/100 perturbations ... #####
##### ...79/100 perturbations ... #####
##### ...80/100 perturbations ... #####
##### ...81/100 perturbations ... #####
##### ...82/100 perturbations ... #####
##### ...83/100 perturbations ... #####
##### ...84/100 perturbations ... #####
##### ...85/100 perturbations ... #####
##### ...86/100 perturbations ... #####
##### ...87/100 perturbations ... #####
##### ...88/100 perturbations ... #####
##### ...89/100 perturbations ... #####
##### ...90/100 perturbations ... #####
##### ...91/100 perturbations ... #####
##### ...92/100 perturbations ... #####
##### ...93/100 perturbations ... #####
##### ...94/100 perturbations ... #####
##### ...95/100 perturbations ... #####
##### ...96/100 perturbations ... #####
##### ...97/100 perturbations ... #####
##### ...98/100 perturbations ... #####
##### ...99/100 perturbations ... #####
##### ...100/100 perturbations ... #####
##### Starting attack #####
##### Attack only using structure perturbations #####
##### Attacking the node directly #####
##### Performing 100 perturbations #####
##### ...1/100 perturbations ... #####
##### ...2/100 perturbations ... #####
##### ...3/100 perturbations ... #####
##### ...4/100 perturbations ... #####
##### ...5/100 perturbations ... #####
##### ...6/100 perturbations ... #####
##### ...7/100 perturbations ... #####
##### ...8/100 perturbations ... #####
##### ...9/100 perturbations ... #####
##### ...10/100 perturbations ... #####
##### ...11/100 perturbations ... #####
##### ...12/100 perturbations ... #####
##### ...13/100 perturbations ... #####
##### ...14/100 perturbations ... #####
##### ...15/100 perturbations ... #####
##### ...16/100 perturbations ... #####
##### ...17/100 perturbations ... #####
##### ...18/100 perturbations ... #####
##### ...19/100 perturbations ... #####
##### ...20/100 perturbations ... #####
##### ...21/100 perturbations ... #####
##### ...22/100 perturbations ... #####
##### ...23/100 perturbations ... #####
##### ...24/100 perturbations ... #####
##### ...25/100 perturbations ... #####
##### ...26/100 perturbations ... #####
##### ...27/100 perturbations ... #####
##### ...28/100 perturbations ... #####
##### ...29/100 perturbations ... #####
##### ...30/100 perturbations ... #####
##### ...31/100 perturbations ... #####
##### ...32/100 perturbations ... #####
##### ...33/100 perturbations ... #####
##### ...34/100 perturbations ... #####
##### ...35/100 perturbations ... #####
##### ...36/100 perturbations ... #####
##### ...37/100 perturbations ... #####
##### ...38/100 perturbations ... #####
##### ...39/100 perturbations ... #####
##### ...40/100 perturbations ... #####
##### ...41/100 perturbations ... #####
##### ...42/100 perturbations ... #####
##### ...43/100 perturbations ... #####
##### ...44/100 perturbations ... #####
##### ...45/100 perturbations ... #####
##### ...46/100 perturbations ... #####
##### ...47/100 perturbations ... #####
##### ...48/100 perturbations ... #####
##### ...49/100 perturbations ... #####
##### ...50/100 perturbations ... #####
##### ...51/100 perturbations ... #####
##### ...52/100 perturbations ... #####
##### ...53/100 perturbations ... #####
##### ...54/100 perturbations ... #####
##### ...55/100 perturbations ... #####
##### ...56/100 perturbations ... #####
##### ...57/100 perturbations ... #####
##### ...58/100 perturbations ... #####
##### ...59/100 perturbations ... #####
##### ...60/100 perturbations ... #####
##### ...61/100 perturbations ... #####
##### ...62/100 perturbations ... #####
##### ...63/100 perturbations ... #####
##### ...64/100 perturbations ... #####
##### ...65/100 perturbations ... #####
##### ...66/100 perturbations ... #####
##### ...67/100 perturbations ... #####
##### ...68/100 perturbations ... #####
##### ...69/100 perturbations ... #####
##### ...70/100 perturbations ... #####
##### ...71/100 perturbations ... #####
##### ...72/100 perturbations ... #####
##### ...73/100 perturbations ... #####
##### ...74/100 perturbations ... #####
##### ...75/100 perturbations ... #####
##### ...76/100 perturbations ... #####
##### ...77/100 perturbations ... #####
##### ...78/100 perturbations ... #####
##### ...79/100 perturbations ... #####
##### ...80/100 perturbations ... #####
##### ...81/100 perturbations ... #####
##### ...82/100 perturbations ... #####
##### ...83/100 perturbations ... #####
##### ...84/100 perturbations ... #####
##### ...85/100 perturbations ... #####
##### ...86/100 perturbations ... #####
##### ...87/100 perturbations ... #####
##### ...88/100 perturbations ... #####
##### ...89/100 perturbations ... #####
##### ...90/100 perturbations ... #####
##### ...91/100 perturbations ... #####
##### ...92/100 perturbations ... #####
##### ...93/100 perturbations ... #####
##### ...94/100 perturbations ... #####
##### ...95/100 perturbations ... #####
##### ...96/100 perturbations ... #####
##### ...97/100 perturbations ... #####
##### ...98/100 perturbations ... #####
##### ...99/100 perturbations ... #####
##### ...100/100 perturbations ... #####
##### Starting attack #####
##### Attack only using structure perturbations #####
##### Attacking the node directly #####
##### Performing 100 perturbations #####
##### ...1/100 perturbations ... #####
##### ...2/100 perturbations ... #####
##### ...3/100 perturbations ... #####
##### ...4/100 perturbations ... #####
##### ...5/100 perturbations ... #####
##### ...6/100 perturbations ... #####
##### ...7/100 perturbations ... #####
##### ...8/100 perturbations ... #####
##### ...9/100 perturbations ... #####
##### ...10/100 perturbations ... #####
##### ...11/100 perturbations ... #####
##### ...12/100 perturbations ... #####
##### ...13/100 perturbations ... #####
##### ...14/100 perturbations ... #####
##### ...15/100 perturbations ... #####
##### ...16/100 perturbations ... #####
##### ...17/100 perturbations ... #####
##### ...18/100 perturbations ... #####
##### ...19/100 perturbations ... #####
##### ...20/100 perturbations ... #####
##### ...21/100 perturbations ... #####
##### ...22/100 perturbations ... #####
##### ...23/100 perturbations ... #####
##### ...24/100 perturbations ... #####
##### ...25/100 perturbations ... #####
##### ...26/100 perturbations ... #####
##### ...27/100 perturbations ... #####
##### ...28/100 perturbations ... #####
##### ...29/100 perturbations ... #####
##### ...30/100 perturbations ... #####
##### ...31/100 perturbations ... #####
##### ...32/100 perturbations ... #####
##### ...33/100 perturbations ... #####
##### ...34/100 perturbations ... #####
##### ...35/100 perturbations ... #####
##### ...36/100 perturbations ... #####
##### ...37/100 perturbations ... #####
##### ...38/100 perturbations ... #####
##### ...39/100 perturbations ... #####
##### ...40/100 perturbations ... #####
##### ...41/100 perturbations ... #####
##### ...42/100 perturbations ... #####
##### ...43/100 perturbations ... #####
##### ...44/100 perturbations ... #####
##### ...45/100 perturbations ... #####
##### ...46/100 perturbations ... #####
##### ...47/100 perturbations ... #####
##### ...48/100 perturbations ... #####
##### ...49/100 perturbations ... #####
##### ...50/100 perturbations ... #####
##### ...51/100 perturbations ... #####
##### ...52/100 perturbations ... #####
##### ...53/100 perturbations ... #####
##### ...54/100 perturbations ... #####
##### ...55/100 perturbations ... #####
##### ...56/100 perturbations ... #####
##### ...57/100 perturbations ... #####
##### ...58/100 perturbations ... #####
##### ...59/100 perturbations ... #####
##### ...60/100 perturbations ... #####
##### ...61/100 perturbations ... #####
##### ...62/100 perturbations ... #####
##### ...63/100 perturbations ... #####
##### ...64/100 perturbations ... #####
##### ...65/100 perturbations ... #####
##### ...66/100 perturbations ... #####
##### ...67/100 perturbations ... #####
##### ...68/100 perturbations ... #####
##### ...69/100 perturbations ... #####
##### ...70/100 perturbations ... #####
##### ...71/100 perturbations ... #####
##### ...72/100 perturbations ... #####
##### ...73/100 perturbations ... #####
##### ...74/100 perturbations ... #####
##### ...75/100 perturbations ... #####
##### ...76/100 perturbations ... #####
##### ...77/100 perturbations ... #####
##### ...78/100 perturbations ... #####
##### ...79/100 perturbations ... #####
##### ...80/100 perturbations ... #####
##### ...81/100 perturbations ... #####
##### ...82/100 perturbations ... #####
##### ...83/100 perturbations ... #####
##### ...84/100 perturbations ... #####
##### ...85/100 perturbations ... #####
##### ...86/100 perturbations ... #####
##### ...87/100 perturbations ... #####
##### ...88/100 perturbations ... #####
##### ...89/100 perturbations ... #####
##### ...90/100 perturbations ... #####
##### ...91/100 perturbations ... #####
##### ...92/100 perturbations ... #####
##### ...93/100 perturbations ... #####
##### ...94/100 perturbations ... #####
##### ...95/100 perturbations ... #####
##### ...96/100 perturbations ... #####
##### ...97/100 perturbations ... #####
##### ...98/100 perturbations ... #####
##### ...99/100 perturbations ... #####
##### ...100/100 perturbations ... #####
##### Starting attack #####
##### Attack only using structure perturbations #####
##### Attacking the node directly #####
##### Performing 100 perturbations #####
##### ...1/100 perturbations ... #####
##### ...2/100 perturbations ... #####
##### ...3/100 perturbations ... #####
##### ...4/100 perturbations ... #####
##### ...5/100 perturbations ... #####
##### ...6/100 perturbations ... #####
##### ...7/100 perturbations ... #####
##### ...8/100 perturbations ... #####
##### ...9/100 perturbations ... #####
##### ...10/100 perturbations ... #####
##### ...11/100 perturbations ... #####
##### ...12/100 perturbations ... #####
##### ...13/100 perturbations ... #####
##### ...14/100 perturbations ... #####
##### ...15/100 perturbations ... #####
##### ...16/100 perturbations ... #####
##### ...17/100 perturbations ... #####
##### ...18/100 perturbations ... #####
##### ...19/100 perturbations ... #####
##### ...20/100 perturbations ... #####
##### ...21/100 perturbations ... #####
##### ...22/100 perturbations ... #####
##### ...23/100 perturbations ... #####
##### ...24/100 perturbations ... #####
##### ...25/100 perturbations ... #####
##### ...26/100 perturbations ... #####
##### ...27/100 perturbations ... #####
##### ...28/100 perturbations ... #####
##### ...29/100 perturbations ... #####
##### ...30/100 perturbations ... #####
##### ...31/100 perturbations ... #####
##### ...32/100 perturbations ... #####
##### ...33/100 perturbations ... #####
##### ...34/100 perturbations ... #####
##### ...35/100 perturbations ... #####
##### ...36/100 perturbations ... #####
##### ...37/100 perturbations ... #####
##### ...38/100 perturbations ... #####
##### ...39/100 perturbations ... #####
##### ...40/100 perturbations ... #####
##### ...41/100 perturbations ... #####
##### ...42/100 perturbations ... #####
##### ...43/100 perturbations ... #####
##### ...44/100 perturbations ... #####
##### ...45/100 perturbations ... #####
##### ...46/100 perturbations ... #####
##### ...47/100 perturbations ... #####
##### ...48/100 perturbations ... #####
##### ...49/100 perturbations ... #####
##### ...50/100 perturbations ... #####
##### ...51/100 perturbations ... #####
##### ...52/100 perturbations ... #####
##### ...53/100 perturbations ... #####
##### ...54/100 perturbations ... #####
##### ...55/100 perturbations ... #####
##### ...56/100 perturbations ... #####
##### ...57/100 perturbations ... #####
##### ...58/100 perturbations ... #####
##### ...59/100 perturbations ... #####
##### ...60/100 perturbations ... #####
##### ...61/100 perturbations ... #####
##### ...62/100 perturbations ... #####
##### ...63/100 perturbations ... #####
##### ...64/100 perturbations ... #####
##### ...65/100 perturbations ... #####
##### ...66/100 perturbations ... #####
##### ...67/100 perturbations ... #####
##### ...68/100 perturbations ... #####
##### ...69/100 perturbations ... #####
##### ...70/100 perturbations ... #####
##### ...71/100 perturbations ... #####
##### ...72/100 perturbations ... #####
##### ...73/100 perturbations ... #####
##### ...74/100 perturbations ... #####
##### ...75/100 perturbations ... #####
##### ...76/100 perturbations ... #####
##### ...77/100 perturbations ... #####
##### ...78/100 perturbations ... #####
##### ...79/100 perturbations ... #####
##### ...80/100 perturbations ... #####
##### ...81/100 perturbations ... #####
##### ...82/100 perturbations ... #####
##### ...83/100 perturbations ... #####
##### ...84/100 perturbations ... #####
##### ...85/100 perturbations ... #####
##### ...86/100 perturbations ... #####
##### ...87/100 perturbations ... #####
##### ...88/100 perturbations ... #####
##### ...89/100 perturbations ... #####
##### ...90/100 perturbations ... #####
##### ...91/100 perturbations ... #####
##### ...92/100 perturbations ... #####
##### ...93/100 perturbations ... #####
##### ...94/100 perturbations ... #####
##### ...95/100 perturbations ... #####
##### ...96/100 perturbations ... #####
##### ...97/100 perturbations ... #####
##### ...98/100 perturbations ... #####
##### ...99/100 perturbations ... #####
##### ...100/100 perturbations ... #####
##### Starting attack #####
##### Attack only using structure perturbations #####
##### Attacking the node directly #####
##### Performing 100 perturbations #####
##### ...1/100 perturbations ... #####
##### ...2/100 perturbations ... #####
##### ...3/100 perturbations ... #####
##### ...4/100 perturbations ... #####
##### ...5/100 perturbations ... #####
##### ...6/100 perturbations ... #####
##### ...7/100 perturbations ... #####
##### ...8/100 perturbations ... #####
##### ...9/100 perturbations ... #####
##### ...10/100 perturbations ... #####
##### ...11/100 perturbations ... #####
##### ...12/100 perturbations ... #####
##### ...13/100 perturbations ... #####
##### ...14/100 perturbations ... #####
##### ...15/100 perturbations ... #####
##### ...16/100 perturbations ... #####
##### ...17/100 perturbations ... #####
##### ...18/100 perturbations ... #####
##### ...19/100 perturbations ... #####
##### ...20/100 perturbations ... #####
##### ...21/100 perturbations ... #####
##### ...22/100 perturbations ... #####
##### ...23/100 perturbations ... #####
##### ...24/100 perturbations ... #####
##### ...25/100 perturbations ... #####
##### ...26/100 perturbations ... #####
##### ...27/100 perturbations ... #####
##### ...28/100 perturbations ... #####
##### ...29/100 perturbations ... #####
##### ...30/100 perturbations ... #####
##### ...31/100 perturbations ... #####
##### ...32/100 perturbations ... #####
##### ...33/100 perturbations ... #####
##### ...34/100 perturbations ... #####
##### ...35/100 perturbations ... #####
##### ...36/100 perturbations ... #####
##### ...37/100 perturbations ... #####
##### ...38/100 perturbations ... #####
##### ...39/100 perturbations ... #####
##### ...40/100 perturbations ... #####
##### ...41/100 perturbations ... #####
##### ...42/100 perturbations ... #####
##### ...43/100 perturbations ... #####
##### ...44/100 perturbations ... #####
##### ...45/100 perturbations ... #####
##### ...46/100 perturbations ... #####
##### ...47/100 perturbations ... #####
##### ...48/100 perturbations ... #####
##### ...49/100 perturbations ... #####
##### ...50/100 perturbations ... #####
##### ...51/100 perturbations ... #####
##### ...52/100 perturbations ... #####
##### ...53/100 perturbations ... #####
##### ...54/100 perturbations ... #####
##### ...55/100 perturbations ... #####
##### ...56/100 perturbations ... #####
##### ...57/100 perturbations ... #####
##### ...58/100 perturbations ... #####
##### ...59/100 perturbations ... #####
##### ...60/100 perturbations ... #####
##### ...61/100 perturbations ... #####
##### ...62/100 perturbations ... #####
##### ...63/100 perturbations ... #####
##### ...64/100 perturbations ... #####
##### ...65/100 perturbations ... #####
##### ...66/100 perturbations ... #####
##### ...67/100 perturbations ... #####
##### ...68/100 perturbations ... #####
##### ...69/100 perturbations ... #####
##### ...70/100 perturbations ... #####
##### ...71/100 perturbations ... #####
##### ...72/100 perturbations ... #####
##### ...73/100 perturbations ... #####
##### ...74/100 perturbations ... #####
##### ...75/100 perturbations ... #####
##### ...76/100 perturbations ... #####
##### ...77/100 perturbations ... #####
##### ...78/100 perturbations ... #####
##### ...79/100 perturbations ... #####
##### ...80/100 perturbations ... #####
##### ...81/100 perturbations ... #####
##### ...82/100 perturbations ... #####
##### ...83/100 perturbations ... #####
##### ...84/100 perturbations ... #####
##### ...85/100 perturbations ... #####
##### ...86/100 perturbations ... #####
##### ...87/100 perturbations ... #####
##### ...88/100 perturbations ... #####
##### ...89/100 perturbations ... #####
##### ...90/100 perturbations ... #####
##### ...91/100 perturbations ... #####
##### ...92/100 perturbations ... #####
##### ...93/100 perturbations ... #####
##### ...94/100 perturbations ... #####
##### ...95/100 perturbations ... #####
##### ...96/100 perturbations ... #####
##### ...97/100 perturbations ... #####
##### ...98/100 perturbations ... #####
##### ...99/100 perturbations ... #####
##### ...100/100 perturbations ... #####
##### Starting attack #####
##### Attack only using structure perturbations #####
##### Attacking the node directly #####
##### Performing 100 perturbations #####
##### ...1/100 perturbations ... #####
##### ...2/100 perturbations ... #####
##### ...3/100 perturbations ... #####
##### ...4/100 perturbations ... #####
##### ...5/100 perturbations ... #####
##### ...6/100 perturbations ... #####
##### ...7/100 perturbations ... #####
##### ...8/100 perturbations ... #####
##### ...9/100 perturbations ... #####
##### ...10/100 perturbations ... #####
##### ...11/100 perturbations ... #####
##### ...12/100 perturbations ... #####
##### ...13/100 perturbations ... #####
##### ...14/100 perturbations ... #####
##### ...15/100 perturbations ... #####
##### ...16/100 perturbations ... #####
##### ...17/100 perturbations ... #####
##### ...18/100 perturbations ... #####
##### ...19/100 perturbations ... #####
##### ...20/100 perturbations ... #####
##### ...21/100 perturbations ... #####
##### ...22/100 perturbations ... #####
##### ...23/100 perturbations ... #####
##### ...24/100 perturbations ... #####
##### ...25/100 perturbations ... #####
##### ...26/100 perturbations ... #####
##### ...27/100 perturbations ... #####
##### ...28/100 perturbations ... #####
##### ...29/100 perturbations ... #####
##### ...30/100 perturbations ... #####
##### ...31/100 perturbations ... #####
##### ...32/100 perturbations ... #####
##### ...33/100 perturbations ... #####
##### ...34/100 perturbations ... #####
##### ...35/100 perturbations ... #####
##### ...36/100 perturbations ... #####
##### ...37/100 perturbations ... #####
##### ...38/100 perturbations ... #####
##### ...39/100 perturbations ... #####
##### ...40/100 perturbations ... #####
##### ...41/100 perturbations ... #####
##### ...42/100 perturbations ... #####
##### ...43/100 perturbations ... #####
##### ...44/100 perturbations ... #####
##### ...45/100 perturbations ... #####
##### ...46/100 perturbations ... #####
##### ...47/100 perturbations ... #####
##### ...48/100 perturbations ... #####
##### ...49/100 perturbations ... #####
##### ...50/100 perturbations ... #####
##### ...51/100 perturbations ... #####
##### ...52/100 perturbations ... #####
##### ...53/100 perturbations ... #####
##### ...54/100 perturbations ... #####
##### ...55/100 perturbations ... #####
##### ...56/100 perturbations ... #####
##### ...57/100 perturbations ... #####
##### ...58/100 perturbations ... #####
##### ...59/100 perturbations ... #####
##### ...60/100 perturbations ... #####
##### ...61/100 perturbations ... #####
##### ...62/100 perturbations ... #####
##### ...63/100 perturbations ... #####
##### ...64/100 perturbations ... #####
##### ...65/100 perturbations ... #####
##### ...66/100 perturbations ... #####
##### ...67/100 perturbations ... #####
##### ...68/100 perturbations ... #####
##### ...69/100 perturbations ... #####
##### ...70/100 perturbations ... #####
##### ...71/100 perturbations ... #####
##### ...72/100 perturbations ... #####
##### ...73/100 perturbations ... #####
##### ...74/100 perturbations ... #####
##### ...75/100 perturbations ... #####
##### ...76/100 perturbations ... #####
##### ...77/100 perturbations ... #####
##### ...78/100 perturbations ... #####
##### ...79/100 perturbations ... #####
##### ...80/100 perturbations ... #####
##### ...81/100 perturbations ... #####
##### ...82/100 perturbations ... #####
##### ...83/100 perturbations ... #####
##### ...84/100 perturbations ... #####
##### ...85/100 perturbations ... #####
##### ...86/100 perturbations ... #####
##### ...87/100 perturbations ... #####
##### ...88/100 perturbations ... #####
##### ...89/100 perturbations ... #####
##### ...90/100 perturbations ... #####
##### ...91/100 perturbations ... #####
##### ...92/100 perturbations ... #####
##### ...93/100 perturbations ... #####
##### ...94/100 perturbations ... #####
##### ...95/100 perturbations ... #####
##### ...96/100 perturbations ... #####
##### ...97/100 perturbations ... #####
##### ...98/100 perturbations ... #####
##### ...99/100 perturbations ... #####
##### ...100/100 perturbations ... #####
##### Starting attack #####
##### Attack only using structure perturbations #####
##### Attacking the node directly #####
##### Performing 100 perturbations #####
##### ...1/100 perturbations ... #####
##### ...2/100 perturbations ... #####
##### ...3/100 perturbations ... #####
##### ...4/100 perturbations ... #####
##### ...5/100 perturbations ... #####
##### ...6/100 perturbations ... #####
##### ...7/100 perturbations ... #####
##### ...8/100 perturbations ... #####
##### ...9/100 perturbations ... #####
##### ...10/100 perturbations ... #####
##### ...11/100 perturbations ... #####
##### ...12/100 perturbations ... #####
##### ...13/100 perturbations ... #####
##### ...14/100 perturbations ... #####
##### ...15/100 perturbations ... #####
##### ...16/100 perturbations ... #####
##### ...17/100 perturbations ... #####
##### ...18/100 perturbations ... #####
##### ...19/100 perturbations ... #####
##### ...20/100 perturbations ... #####
##### ...21/100 perturbations ... #####
##### ...22/100 perturbations ... #####
##### ...23/100 perturbations ... #####
##### ...24/100 perturbations ... #####
##### ...25/100 perturbations ... #####
##### ...26/100 perturbations ... #####
##### ...27/100 perturbations ... #####
##### ...28/100 perturbations ... #####
##### ...29/100 perturbations ... #####
##### ...30/100 perturbations ... #####
##### ...31/100 perturbations ... #####
##### ...32/100 perturbations ... #####
##### ...33/100 perturbations ... #####
##### ...34/100 perturbations ... #####
##### ...35/100 perturbations ... #####
##### ...36/100 perturbations ... #####
##### ...37/100 perturbations ... #####
##### ...38/100 perturbations ... #####
##### ...39/100 perturbations ... #####
##### ...40/100 perturbations ... #####
##### ...41/100 perturbations ... #####
##### ...42/100 perturbations ... #####
##### ...43/100 perturbations ... #####
##### ...44/100 perturbations ... #####
##### ...45/100 perturbations ... #####
##### ...46/100 perturbations ... #####
##### ...47/100 perturbations ... #####
##### ...48/100 perturbations ... #####
##### ...49/100 perturbations ... #####
##### ...50/100 perturbations ... #####
##### ...51/100 perturbations ... #####
##### ...52/100 perturbations ... #####
##### ...53/100 perturbations ... #####
##### ...54/100 perturbations ... #####
##### ...55/100 perturbations ... #####
##### ...56/100 perturbations ... #####
##### ...57/100 perturbations ... #####
##### ...58/100 perturbations ... #####
##### ...59/100 perturbations ... #####
##### ...60/100 perturbations ... #####
##### ...61/100 perturbations ... #####
##### ...62/100 perturbations ... #####
##### ...63/100 perturbations ... #####
##### ...64/100 perturbations ... #####
##### ...65/100 perturbations ... #####
##### ...66/100 perturbations ... #####
##### ...67/100 perturbations ... #####
##### ...68/100 perturbations ... #####
##### ...69/100 perturbations ... #####
##### ...70/100 perturbations ... #####
##### ...71/100 perturbations ... #####
##### ...72/100 perturbations ... #####
##### ...73/100 perturbations ... #####
##### ...74/100 perturbations ... #####
##### ...75/100 perturbations ... #####
##### ...76/100 perturbations ... #####
##### ...77/100 perturbations ... #####
##### ...78/100 perturbations ... #####
##### ...79/100 perturbations ... #####
##### ...80/100 perturbations ... #####
##### ...81/100 perturbations ... #####
##### ...82/100 perturbations ... #####
##### ...83/100 perturbations ... #####
##### ...84/100 perturbations ... #####
##### ...85/100 perturbations ... #####
##### ...86/100 perturbations ... #####
##### ...87/100 perturbations ... #####
##### ...88/100 perturbations ... #####
##### ...89/100 perturbations ... #####
##### ...90/100 perturbations ... #####
##### ...91/100 perturbations ... #####
##### ...92/100 perturbations ... #####
##### ...93/100 perturbations ... #####
##### ...94/100 perturbations ... #####
##### ...95/100 perturbations ... #####
##### ...96/100 perturbations ... #####
##### ...97/100 perturbations ... #####
##### ...98/100 perturbations ... #####
##### ...99/100 perturbations ... #####
##### ...100/100 perturbations ... #####
##### Starting attack #####
##### Attack only using structure perturbations #####
##### Attacking the node directly #####
##### Performing 100 perturbations #####
##### ...1/100 perturbations ... #####
##### ...2/100 perturbations ... #####
##### ...3/100 perturbations ... #####
##### ...4/100 perturbations ... #####
##### ...5/100 perturbations ... #####
##### ...6/100 perturbations ... #####
##### ...7/100 perturbations ... #####
##### ...8/100 perturbations ... #####
##### ...9/100 perturbations ... #####
##### ...10/100 perturbations ... #####
##### ...11/100 perturbations ... #####
##### ...12/100 perturbations ... #####
##### ...13/100 perturbations ... #####
##### ...14/100 perturbations ... #####
##### ...15/100 perturbations ... #####
##### ...16/100 perturbations ... #####
##### ...17/100 perturbations ... #####
##### ...18/100 perturbations ... #####
##### ...19/100 perturbations ... #####
##### ...20/100 perturbations ... #####
##### ...21/100 perturbations ... #####
##### ...22/100 perturbations ... #####
##### ...23/100 perturbations ... #####
##### ...24/100 perturbations ... #####
##### ...25/100 perturbations ... #####
##### ...26/100 perturbations ... #####
##### ...27/100 perturbations ... #####
##### ...28/100 perturbations ... #####
##### ...29/100 perturbations ... #####
##### ...30/100 perturbations ... #####
##### ...31/100 perturbations ... #####
##### ...32/100 perturbations ... #####
##### ...33/100 perturbations ... #####
##### ...34/100 perturbations ... #####
##### ...35/100 perturbations ... #####
##### ...36/100 perturbations ... #####
##### ...37/100 perturbations ... #####
##### ...38/100 perturbations ... #####
##### ...39/100 perturbations ... #####
##### ...40/100 perturbations ... #####
##### ...41/100 perturbations ... #####
##### ...42/100 perturbations ... #####
##### ...43/100 perturbations ... #####
##### ...44/100 perturbations ... #####
##### ...45/100 perturbations ... #####
##### ...46/100 perturbations ... #####
##### ...47/100 perturbations ... #####
##### ...48/100 perturbations ... #####
##### ...49/100 perturbations ... #####
##### ...50/100 perturbations ... #####
##### ...51/100 perturbations ... #####
##### ...52/100 perturbations ... #####
##### ...53/100 perturbations ... #####
##### ...54/100 perturbations ... #####
##### ...55/100 perturbations ... #####
##### ...56/100 perturbations ... #####
##### ...57/100 perturbations ... #####
##### ...58/100 perturbations ... #####
##### ...59/100 perturbations ... #####
##### ...60/100 perturbations ... #####
##### ...61/100 perturbations ... #####
##### ...62/100 perturbations ... #####
##### ...63/100 perturbations ... #####
##### ...64/100 perturbations ... #####
##### ...65/100 perturbations ... #####
##### ...66/100 perturbations ... #####
##### ...67/100 perturbations ... #####
##### ...68/100 perturbations ... #####
##### ...69/100 perturbations ... #####
##### ...70/100 perturbations ... #####
##### ...71/100 perturbations ... #####
##### ...72/100 perturbations ... #####
##### ...73/100 perturbations ... #####
##### ...74/100 perturbations ... #####
##### ...75/100 perturbations ... #####
##### ...76/100 perturbations ... #####
##### ...77/100 perturbations ... #####
##### ...78/100 perturbations ... #####
##### ...79/100 perturbations ... #####
##### ...80/100 perturbations ... #####
##### ...81/100 perturbations ... #####
##### ...82/100 perturbations ... #####
##### ...83/100 perturbations ... #####
##### ...84/100 perturbations ... #####
##### ...85/100 perturbations ... #####
##### ...86/100 perturbations ... #####
##### ...87/100 perturbations ... #####
##### ...88/100 perturbations ... #####
##### ...89/100 perturbations ... #####
##### ...90/100 perturbations ... #####
##### ...91/100 perturbations ... #####
##### ...92/100 perturbations ... #####
##### ...93/100 perturbations ... #####
##### ...94/100 perturbations ... #####
##### ...95/100 perturbations ... #####
##### ...96/100 perturbations ... #####
##### ...97/100 perturbations ... #####
##### ...98/100 perturbations ... #####
##### ...99/100 perturbations ... #####
##### ...100/100 perturbations ... #####
Epoch 000, Loss: 1.9457
Epoch 020, Loss: 1.7626
Epoch 040, Loss: 1.4359
Epoch 060, Loss: 1.1301
Epoch 080, Loss: 0.8559
Running DICE (Global Poisoning)...
number of pertubations: 3000
Epoch 000, Loss: 1.9456
Epoch 020, Loss: 1.7749
Epoch 040, Loss: 1.4994
Epoch 060, Loss: 1.2150
Epoch 080, Loss: 0.9315

[Evasion Attacks] Post-training...
Running FGSM Structural Evasion...
Running PGD Evasion (Global)...
Running Gradient Feature Evasion...

[Defense] Optimized Defense Mechanism...
Applying Robust Filtering + Feature Smoothing to poisoned graph...
Epoch 000, Loss: 1.9451
Epoch 020, Loss: 1.6274
Epoch 040, Loss: 1.1686
Epoch 060, Loss: 0.7830
Epoch 080, Loss: 0.5494
Epoch 100, Loss: 0.4676
Epoch 120, Loss: 0.4054
Epoch 140, Loss: 0.4106

=== REFINED EVALUATION SUMMARY ===
Model                     Attack  Accuracy  F1-Score      ASR
  GCN            None (Baseline)     0.799  0.787380 0.000000
  GAT            None (Baseline)     0.820  0.806999 0.000000
  GCN        Poison: Random Edge     0.780  0.764459 0.023780
  GCN            Poison: Nettack     0.778  0.774206 0.026283
  GCN               Poison: DICE     0.627  0.617611 0.215269
  GCN   Evasion: FGSM Structural     0.776  0.765214 0.028786
  GCN               Evasion: PGD     0.702  0.679896 0.121402
  GCN  Evasion: Gradient Feature     0.003  0.002163 0.996245
  GCN Poison + Optimized Defense     0.603  0.579721 0.245307

Refined pipeline completed. Accuracy after defense is restored close to baseline.
