/Users/easwarkrishnaap/Desktop/ADVERSARIAL ATTACK PROJECT/main.py:75: UserWarning: Creating a tensor from a list of numpy.ndarrays is extremely slow. Please consider converting the list to a single numpy.ndarray with numpy.array() before converting to a tensor. (Triggered internally at /Users/runner/work/pytorch/pytorch/pytorch/torch/csrc/utils/tensor_new.cpp:256.)
  data_rnd.edge_index = torch.tensor([r, c], dtype=torch.long)
/opt/miniconda3/lib/python3.13/site-packages/deeprobust/graph/utils.py:356: UserWarning: torch.sparse.SparseTensor(indices, values, shape, *, device=) is deprecated.  Please use torch.sparse_coo_tensor(indices, values, shape, dtype=, device=). (Triggered internally at /Users/runner/work/pytorch/pytorch/pytorch/torch/csrc/utils/tensor_new.cpp:656.)
  return torch.sparse.FloatTensor(sparseconcat.t(),sparsedata,torch.Size(sparse_mx.shape))
=== STARTING REFINED EXPERIMENTAL PIPELINE ===
Dataset: Cora
Number of nodes: 2708
Number of edges: 10556
Number of features: 1433
Number of classes: 7
Dataset: Cora
Number of nodes: 2708
Number of edges: 10556
Number of features: 1433
Number of classes: 7

Training GCN Baseline...
Epoch 000, Loss: 1.9460
Epoch 020, Loss: 1.7037
Epoch 040, Loss: 1.2775
Epoch 060, Loss: 0.8994
Epoch 080, Loss: 0.6967
Epoch 100, Loss: 0.5595
Epoch 120, Loss: 0.4795
Epoch 140, Loss: 0.4034
Epoch 160, Loss: 0.3942
Epoch 180, Loss: 0.3526
GCN Baseline Metrics: {'accuracy': 0.795, 'precision': 0.7737295940403467, 'recall': 0.800755163770428, 'f1_macro': 0.7833409152353006, 'f1_micro': 0.795, 'roc_auc': 0.9630442859384836, 'avg_margin': np.float32(0.42001033), 'avg_entropy': np.float32(1.2741184), 'avg_confidence': np.float32(0.56919765)}

Training GAT Baseline...
Epoch 000, Loss: 1.9450
Epoch 020, Loss: 1.5745
Epoch 040, Loss: 1.1826
Epoch 060, Loss: 0.9641
Epoch 080, Loss: 0.7563
Epoch 100, Loss: 0.7511
Epoch 120, Loss: 0.7666
Epoch 140, Loss: 0.6574
Epoch 160, Loss: 0.6872
Epoch 180, Loss: 0.6141
GAT Baseline Metrics: {'accuracy': 0.832, 'precision': 0.8162980550579482, 'recall': 0.8276726611974806, 'f1_macro': 0.8193039984281025, 'f1_micro': 0.832, 'roc_auc': 0.972760346391237, 'avg_margin': np.float32(0.5049477), 'avg_entropy': np.float32(1.1046973), 'avg_confidence': np.float32(0.6408787)}

[Poisoning Attacks] Retraining required...
Running Random Edge Injection Poisoning...
Epoch 000, Loss: 1.9463
Epoch 020, Loss: 1.7951
Epoch 040, Loss: 1.4959
Epoch 060, Loss: 1.1538
Epoch 080, Loss: 0.9098
Running Nettack Poisoning (Targeted)...
##### Starting attack #####
##### Attack only using structure perturbations #####
##### Attacking the node directly #####
##### Performing 100 perturbations #####
##### ...1/100 perturbations ... #####
##### ...2/100 perturbations ... #####
##### ...3/100 perturbations ... #####
##### ...4/100 perturbations ... #####
##### ...5/100 perturbations ... #####
##### ...6/100 perturbations ... #####
##### ...7/100 perturbations ... #####
##### ...8/100 perturbations ... #####
##### ...9/100 perturbations ... #####
##### ...10/100 perturbations ... #####
##### ...11/100 perturbations ... #####
##### ...12/100 perturbations ... #####
##### ...13/100 perturbations ... #####
##### ...14/100 perturbations ... #####
##### ...15/100 perturbations ... #####
##### ...16/100 perturbations ... #####
##### ...17/100 perturbations ... #####
##### ...18/100 perturbations ... #####
##### ...19/100 perturbations ... #####
##### ...20/100 perturbations ... #####
##### ...21/100 perturbations ... #####
##### ...22/100 perturbations ... #####
##### ...23/100 perturbations ... #####
##### ...24/100 perturbations ... #####
##### ...25/100 perturbations ... #####
##### ...26/100 perturbations ... #####
##### ...27/100 perturbations ... #####
##### ...28/100 perturbations ... #####
##### ...29/100 perturbations ... #####
##### ...30/100 perturbations ... #####
##### ...31/100 perturbations ... #####
##### ...32/100 perturbations ... #####
##### ...33/100 perturbations ... #####
##### ...34/100 perturbations ... #####
##### ...35/100 perturbations ... #####
##### ...36/100 perturbations ... #####
##### ...37/100 perturbations ... #####
##### ...38/100 perturbations ... #####
##### ...39/100 perturbations ... #####
##### ...40/100 perturbations ... #####
##### ...41/100 perturbations ... #####
##### ...42/100 perturbations ... #####
##### ...43/100 perturbations ... #####
##### ...44/100 perturbations ... #####
##### ...45/100 perturbations ... #####
##### ...46/100 perturbations ... #####
##### ...47/100 perturbations ... #####
##### ...48/100 perturbations ... #####
##### ...49/100 perturbations ... #####
##### ...50/100 perturbations ... #####
##### ...51/100 perturbations ... #####
##### ...52/100 perturbations ... #####
##### ...53/100 perturbations ... #####
##### ...54/100 perturbations ... #####
##### ...55/100 perturbations ... #####
##### ...56/100 perturbations ... #####
##### ...57/100 perturbations ... #####
##### ...58/100 perturbations ... #####
##### ...59/100 perturbations ... #####
##### ...60/100 perturbations ... #####
##### ...61/100 perturbations ... #####
##### ...62/100 perturbations ... #####
##### ...63/100 perturbations ... #####
##### ...64/100 perturbations ... #####
##### ...65/100 perturbations ... #####
##### ...66/100 perturbations ... #####
##### ...67/100 perturbations ... #####
##### ...68/100 perturbations ... #####
##### ...69/100 perturbations ... #####
##### ...70/100 perturbations ... #####
##### ...71/100 perturbations ... #####
##### ...72/100 perturbations ... #####
##### ...73/100 perturbations ... #####
##### ...74/100 perturbations ... #####
##### ...75/100 perturbations ... #####
##### ...76/100 perturbations ... #####
##### ...77/100 perturbations ... #####
##### ...78/100 perturbations ... #####
##### ...79/100 perturbations ... #####
##### ...80/100 perturbations ... #####
##### ...81/100 perturbations ... #####
##### ...82/100 perturbations ... #####
##### ...83/100 perturbations ... #####
##### ...84/100 perturbations ... #####
##### ...85/100 perturbations ... #####
##### ...86/100 perturbations ... #####
##### ...87/100 perturbations ... #####
##### ...88/100 perturbations ... #####
##### ...89/100 perturbations ... #####
##### ...90/100 perturbations ... #####
##### ...91/100 perturbations ... #####
##### ...92/100 perturbations ... #####
##### ...93/100 perturbations ... #####
##### ...94/100 perturbations ... #####
##### ...95/100 perturbations ... #####
##### ...96/100 perturbations ... #####
##### ...97/100 perturbations ... #####
##### ...98/100 perturbations ... #####
##### ...99/100 perturbations ... #####
##### ...100/100 perturbations ... #####
##### Starting attack #####
##### Attack only using structure perturbations #####
##### Attacking the node directly #####
##### Performing 100 perturbations #####
##### ...1/100 perturbations ... #####
##### ...2/100 perturbations ... #####
##### ...3/100 perturbations ... #####
##### ...4/100 perturbations ... #####
##### ...5/100 perturbations ... #####
##### ...6/100 perturbations ... #####
##### ...7/100 perturbations ... #####
##### ...8/100 perturbations ... #####
##### ...9/100 perturbations ... #####
##### ...10/100 perturbations ... #####
##### ...11/100 perturbations ... #####
##### ...12/100 perturbations ... #####
##### ...13/100 perturbations ... #####
##### ...14/100 perturbations ... #####
##### ...15/100 perturbations ... #####
##### ...16/100 perturbations ... #####
##### ...17/100 perturbations ... #####
##### ...18/100 perturbations ... #####
##### ...19/100 perturbations ... #####
##### ...20/100 perturbations ... #####
##### ...21/100 perturbations ... #####
##### ...22/100 perturbations ... #####
##### ...23/100 perturbations ... #####
##### ...24/100 perturbations ... #####
##### ...25/100 perturbations ... #####
##### ...26/100 perturbations ... #####
##### ...27/100 perturbations ... #####
##### ...28/100 perturbations ... #####
##### ...29/100 perturbations ... #####
##### ...30/100 perturbations ... #####
##### ...31/100 perturbations ... #####
##### ...32/100 perturbations ... #####
##### ...33/100 perturbations ... #####
##### ...34/100 perturbations ... #####
##### ...35/100 perturbations ... #####
##### ...36/100 perturbations ... #####
##### ...37/100 perturbations ... #####
##### ...38/100 perturbations ... #####
##### ...39/100 perturbations ... #####
##### ...40/100 perturbations ... #####
##### ...41/100 perturbations ... #####
##### ...42/100 perturbations ... #####
##### ...43/100 perturbations ... #####
##### ...44/100 perturbations ... #####
##### ...45/100 perturbations ... #####
##### ...46/100 perturbations ... #####
##### ...47/100 perturbations ... #####
##### ...48/100 perturbations ... #####
##### ...49/100 perturbations ... #####
##### ...50/100 perturbations ... #####
##### ...51/100 perturbations ... #####
##### ...52/100 perturbations ... #####
##### ...53/100 perturbations ... #####
##### ...54/100 perturbations ... #####
##### ...55/100 perturbations ... #####
##### ...56/100 perturbations ... #####
##### ...57/100 perturbations ... #####
##### ...58/100 perturbations ... #####
##### ...59/100 perturbations ... #####
##### ...60/100 perturbations ... #####
##### ...61/100 perturbations ... #####
##### ...62/100 perturbations ... #####
##### ...63/100 perturbations ... #####
##### ...64/100 perturbations ... #####
##### ...65/100 perturbations ... #####
##### ...66/100 perturbations ... #####
##### ...67/100 perturbations ... #####
##### ...68/100 perturbations ... #####
##### ...69/100 perturbations ... #####
##### ...70/100 perturbations ... #####
##### ...71/100 perturbations ... #####
##### ...72/100 perturbations ... #####
##### ...73/100 perturbations ... #####
##### ...74/100 perturbations ... #####
##### ...75/100 perturbations ... #####
##### ...76/100 perturbations ... #####
##### ...77/100 perturbations ... #####
##### ...78/100 perturbations ... #####
##### ...79/100 perturbations ... #####
##### ...80/100 perturbations ... #####
##### ...81/100 perturbations ... #####
##### ...82/100 perturbations ... #####
##### ...83/100 perturbations ... #####
##### ...84/100 perturbations ... #####
##### ...85/100 perturbations ... #####
##### ...86/100 perturbations ... #####
##### ...87/100 perturbations ... #####
##### ...88/100 perturbations ... #####
##### ...89/100 perturbations ... #####
##### ...90/100 perturbations ... #####
##### ...91/100 perturbations ... #####
##### ...92/100 perturbations ... #####
##### ...93/100 perturbations ... #####
##### ...94/100 perturbations ... #####
##### ...95/100 perturbations ... #####
##### ...96/100 perturbations ... #####
##### ...97/100 perturbations ... #####
##### ...98/100 perturbations ... #####
##### ...99/100 perturbations ... #####
##### ...100/100 perturbations ... #####
##### Starting attack #####
##### Attack only using structure perturbations #####
##### Attacking the node directly #####
##### Performing 100 perturbations #####
##### ...1/100 perturbations ... #####
##### ...2/100 perturbations ... #####
##### ...3/100 perturbations ... #####
##### ...4/100 perturbations ... #####
##### ...5/100 perturbations ... #####
##### ...6/100 perturbations ... #####
##### ...7/100 perturbations ... #####
##### ...8/100 perturbations ... #####
##### ...9/100 perturbations ... #####
##### ...10/100 perturbations ... #####
##### ...11/100 perturbations ... #####
##### ...12/100 perturbations ... #####
##### ...13/100 perturbations ... #####
##### ...14/100 perturbations ... #####
##### ...15/100 perturbations ... #####
##### ...16/100 perturbations ... #####
##### ...17/100 perturbations ... #####
##### ...18/100 perturbations ... #####
##### ...19/100 perturbations ... #####
##### ...20/100 perturbations ... #####
##### ...21/100 perturbations ... #####
##### ...22/100 perturbations ... #####
##### ...23/100 perturbations ... #####
##### ...24/100 perturbations ... #####
##### ...25/100 perturbations ... #####
##### ...26/100 perturbations ... #####
##### ...27/100 perturbations ... #####
##### ...28/100 perturbations ... #####
##### ...29/100 perturbations ... #####
##### ...30/100 perturbations ... #####
##### ...31/100 perturbations ... #####
##### ...32/100 perturbations ... #####
##### ...33/100 perturbations ... #####
##### ...34/100 perturbations ... #####
##### ...35/100 perturbations ... #####
##### ...36/100 perturbations ... #####
##### ...37/100 perturbations ... #####
##### ...38/100 perturbations ... #####
##### ...39/100 perturbations ... #####
##### ...40/100 perturbations ... #####
##### ...41/100 perturbations ... #####
##### ...42/100 perturbations ... #####
##### ...43/100 perturbations ... #####
##### ...44/100 perturbations ... #####
##### ...45/100 perturbations ... #####
##### ...46/100 perturbations ... #####
##### ...47/100 perturbations ... #####
##### ...48/100 perturbations ... #####
##### ...49/100 perturbations ... #####
##### ...50/100 perturbations ... #####
##### ...51/100 perturbations ... #####
##### ...52/100 perturbations ... #####
##### ...53/100 perturbations ... #####
##### ...54/100 perturbations ... #####
##### ...55/100 perturbations ... #####
##### ...56/100 perturbations ... #####
##### ...57/100 perturbations ... #####
##### ...58/100 perturbations ... #####
##### ...59/100 perturbations ... #####
##### ...60/100 perturbations ... #####
##### ...61/100 perturbations ... #####
##### ...62/100 perturbations ... #####
##### ...63/100 perturbations ... #####
##### ...64/100 perturbations ... #####
##### ...65/100 perturbations ... #####
##### ...66/100 perturbations ... #####
##### ...67/100 perturbations ... #####
##### ...68/100 perturbations ... #####
##### ...69/100 perturbations ... #####
##### ...70/100 perturbations ... #####
##### ...71/100 perturbations ... #####
##### ...72/100 perturbations ... #####
##### ...73/100 perturbations ... #####
##### ...74/100 perturbations ... #####
##### ...75/100 perturbations ... #####
##### ...76/100 perturbations ... #####
##### ...77/100 perturbations ... #####
##### ...78/100 perturbations ... #####
##### ...79/100 perturbations ... #####
##### ...80/100 perturbations ... #####
##### ...81/100 perturbations ... #####
##### ...82/100 perturbations ... #####
##### ...83/100 perturbations ... #####
##### ...84/100 perturbations ... #####
##### ...85/100 perturbations ... #####
##### ...86/100 perturbations ... #####
##### ...87/100 perturbations ... #####
##### ...88/100 perturbations ... #####
##### ...89/100 perturbations ... #####
##### ...90/100 perturbations ... #####
##### ...91/100 perturbations ... #####
##### ...92/100 perturbations ... #####
##### ...93/100 perturbations ... #####
##### ...94/100 perturbations ... #####
##### ...95/100 perturbations ... #####
##### ...96/100 perturbations ... #####
##### ...97/100 perturbations ... #####
##### ...98/100 perturbations ... #####
##### ...99/100 perturbations ... #####
##### ...100/100 perturbations ... #####
##### Starting attack #####
##### Attack only using structure perturbations #####
##### Attacking the node directly #####
##### Performing 100 perturbations #####
##### ...1/100 perturbations ... #####
##### ...2/100 perturbations ... #####
##### ...3/100 perturbations ... #####
##### ...4/100 perturbations ... #####
##### ...5/100 perturbations ... #####
##### ...6/100 perturbations ... #####
##### ...7/100 perturbations ... #####
##### ...8/100 perturbations ... #####
##### ...9/100 perturbations ... #####
##### ...10/100 perturbations ... #####
##### ...11/100 perturbations ... #####
##### ...12/100 perturbations ... #####
##### ...13/100 perturbations ... #####
##### ...14/100 perturbations ... #####
##### ...15/100 perturbations ... #####
##### ...16/100 perturbations ... #####
##### ...17/100 perturbations ... #####
##### ...18/100 perturbations ... #####
##### ...19/100 perturbations ... #####
##### ...20/100 perturbations ... #####
##### ...21/100 perturbations ... #####
##### ...22/100 perturbations ... #####
##### ...23/100 perturbations ... #####
##### ...24/100 perturbations ... #####
##### ...25/100 perturbations ... #####
##### ...26/100 perturbations ... #####
##### ...27/100 perturbations ... #####
##### ...28/100 perturbations ... #####
##### ...29/100 perturbations ... #####
##### ...30/100 perturbations ... #####
##### ...31/100 perturbations ... #####
##### ...32/100 perturbations ... #####
##### ...33/100 perturbations ... #####
##### ...34/100 perturbations ... #####
##### ...35/100 perturbations ... #####
##### ...36/100 perturbations ... #####
##### ...37/100 perturbations ... #####
##### ...38/100 perturbations ... #####
##### ...39/100 perturbations ... #####
##### ...40/100 perturbations ... #####
##### ...41/100 perturbations ... #####
##### ...42/100 perturbations ... #####
##### ...43/100 perturbations ... #####
##### ...44/100 perturbations ... #####
##### ...45/100 perturbations ... #####
##### ...46/100 perturbations ... #####
##### ...47/100 perturbations ... #####
##### ...48/100 perturbations ... #####
##### ...49/100 perturbations ... #####
##### ...50/100 perturbations ... #####
##### ...51/100 perturbations ... #####
##### ...52/100 perturbations ... #####
##### ...53/100 perturbations ... #####
##### ...54/100 perturbations ... #####
##### ...55/100 perturbations ... #####
##### ...56/100 perturbations ... #####
##### ...57/100 perturbations ... #####
##### ...58/100 perturbations ... #####
##### ...59/100 perturbations ... #####
##### ...60/100 perturbations ... #####
##### ...61/100 perturbations ... #####
##### ...62/100 perturbations ... #####
##### ...63/100 perturbations ... #####
##### ...64/100 perturbations ... #####
##### ...65/100 perturbations ... #####
##### ...66/100 perturbations ... #####
##### ...67/100 perturbations ... #####
##### ...68/100 perturbations ... #####
##### ...69/100 perturbations ... #####
##### ...70/100 perturbations ... #####
##### ...71/100 perturbations ... #####
##### ...72/100 perturbations ... #####
##### ...73/100 perturbations ... #####
##### ...74/100 perturbations ... #####
##### ...75/100 perturbations ... #####
##### ...76/100 perturbations ... #####
##### ...77/100 perturbations ... #####
##### ...78/100 perturbations ... #####
##### ...79/100 perturbations ... #####
##### ...80/100 perturbations ... #####
##### ...81/100 perturbations ... #####
##### ...82/100 perturbations ... #####
##### ...83/100 perturbations ... #####
##### ...84/100 perturbations ... #####
##### ...85/100 perturbations ... #####
##### ...86/100 perturbations ... #####
##### ...87/100 perturbations ... #####
##### ...88/100 perturbations ... #####
##### ...89/100 perturbations ... #####
##### ...90/100 perturbations ... #####
##### ...91/100 perturbations ... #####
##### ...92/100 perturbations ... #####
##### ...93/100 perturbations ... #####
##### ...94/100 perturbations ... #####
##### ...95/100 perturbations ... #####
##### ...96/100 perturbations ... #####
##### ...97/100 perturbations ... #####
##### ...98/100 perturbations ... #####
##### ...99/100 perturbations ... #####
##### ...100/100 perturbations ... #####
##### Starting attack #####
##### Attack only using structure perturbations #####
##### Attacking the node directly #####
##### Performing 100 perturbations #####
##### ...1/100 perturbations ... #####
##### ...2/100 perturbations ... #####
##### ...3/100 perturbations ... #####
##### ...4/100 perturbations ... #####
##### ...5/100 perturbations ... #####
##### ...6/100 perturbations ... #####
##### ...7/100 perturbations ... #####
##### ...8/100 perturbations ... #####
##### ...9/100 perturbations ... #####
##### ...10/100 perturbations ... #####
##### ...11/100 perturbations ... #####
##### ...12/100 perturbations ... #####
##### ...13/100 perturbations ... #####
##### ...14/100 perturbations ... #####
##### ...15/100 perturbations ... #####
##### ...16/100 perturbations ... #####
##### ...17/100 perturbations ... #####
##### ...18/100 perturbations ... #####
##### ...19/100 perturbations ... #####
##### ...20/100 perturbations ... #####
##### ...21/100 perturbations ... #####
##### ...22/100 perturbations ... #####
##### ...23/100 perturbations ... #####
##### ...24/100 perturbations ... #####
##### ...25/100 perturbations ... #####
##### ...26/100 perturbations ... #####
##### ...27/100 perturbations ... #####
##### ...28/100 perturbations ... #####
##### ...29/100 perturbations ... #####
##### ...30/100 perturbations ... #####
##### ...31/100 perturbations ... #####
##### ...32/100 perturbations ... #####
##### ...33/100 perturbations ... #####
##### ...34/100 perturbations ... #####
##### ...35/100 perturbations ... #####
##### ...36/100 perturbations ... #####
##### ...37/100 perturbations ... #####
##### ...38/100 perturbations ... #####
##### ...39/100 perturbations ... #####
##### ...40/100 perturbations ... #####
##### ...41/100 perturbations ... #####
##### ...42/100 perturbations ... #####
##### ...43/100 perturbations ... #####
##### ...44/100 perturbations ... #####
##### ...45/100 perturbations ... #####
##### ...46/100 perturbations ... #####
##### ...47/100 perturbations ... #####
##### ...48/100 perturbations ... #####
##### ...49/100 perturbations ... #####
##### ...50/100 perturbations ... #####
##### ...51/100 perturbations ... #####
##### ...52/100 perturbations ... #####
##### ...53/100 perturbations ... #####
##### ...54/100 perturbations ... #####
##### ...55/100 perturbations ... #####
##### ...56/100 perturbations ... #####
##### ...57/100 perturbations ... #####
##### ...58/100 perturbations ... #####
##### ...59/100 perturbations ... #####
##### ...60/100 perturbations ... #####
##### ...61/100 perturbations ... #####
##### ...62/100 perturbations ... #####
##### ...63/100 perturbations ... #####
##### ...64/100 perturbations ... #####
##### ...65/100 perturbations ... #####
##### ...66/100 perturbations ... #####
##### ...67/100 perturbations ... #####
##### ...68/100 perturbations ... #####
##### ...69/100 perturbations ... #####
##### ...70/100 perturbations ... #####
##### ...71/100 perturbations ... #####
##### ...72/100 perturbations ... #####
##### ...73/100 perturbations ... #####
##### ...74/100 perturbations ... #####
##### ...75/100 perturbations ... #####
##### ...76/100 perturbations ... #####
##### ...77/100 perturbations ... #####
##### ...78/100 perturbations ... #####
##### ...79/100 perturbations ... #####
##### ...80/100 perturbations ... #####
##### ...81/100 perturbations ... #####
##### ...82/100 perturbations ... #####
##### ...83/100 perturbations ... #####
##### ...84/100 perturbations ... #####
##### ...85/100 perturbations ... #####
##### ...86/100 perturbations ... #####
##### ...87/100 perturbations ... #####
##### ...88/100 perturbations ... #####
##### ...89/100 perturbations ... #####
##### ...90/100 perturbations ... #####
##### ...91/100 perturbations ... #####
##### ...92/100 perturbations ... #####
##### ...93/100 perturbations ... #####
##### ...94/100 perturbations ... #####
##### ...95/100 perturbations ... #####
##### ...96/100 perturbations ... #####
##### ...97/100 perturbations ... #####
##### ...98/100 perturbations ... #####
##### ...99/100 perturbations ... #####
##### ...100/100 perturbations ... #####
##### Starting attack #####
##### Attack only using structure perturbations #####
##### Attacking the node directly #####
##### Performing 100 perturbations #####
##### ...1/100 perturbations ... #####
##### ...2/100 perturbations ... #####
##### ...3/100 perturbations ... #####
##### ...4/100 perturbations ... #####
##### ...5/100 perturbations ... #####
##### ...6/100 perturbations ... #####
##### ...7/100 perturbations ... #####
##### ...8/100 perturbations ... #####
##### ...9/100 perturbations ... #####
##### ...10/100 perturbations ... #####
##### ...11/100 perturbations ... #####
##### ...12/100 perturbations ... #####
##### ...13/100 perturbations ... #####
##### ...14/100 perturbations ... #####
##### ...15/100 perturbations ... #####
##### ...16/100 perturbations ... #####
##### ...17/100 perturbations ... #####
##### ...18/100 perturbations ... #####
##### ...19/100 perturbations ... #####
##### ...20/100 perturbations ... #####
##### ...21/100 perturbations ... #####
##### ...22/100 perturbations ... #####
##### ...23/100 perturbations ... #####
##### ...24/100 perturbations ... #####
##### ...25/100 perturbations ... #####
##### ...26/100 perturbations ... #####
##### ...27/100 perturbations ... #####
##### ...28/100 perturbations ... #####
##### ...29/100 perturbations ... #####
##### ...30/100 perturbations ... #####
##### ...31/100 perturbations ... #####
##### ...32/100 perturbations ... #####
##### ...33/100 perturbations ... #####
##### ...34/100 perturbations ... #####
##### ...35/100 perturbations ... #####
##### ...36/100 perturbations ... #####
##### ...37/100 perturbations ... #####
##### ...38/100 perturbations ... #####
##### ...39/100 perturbations ... #####
##### ...40/100 perturbations ... #####
##### ...41/100 perturbations ... #####
##### ...42/100 perturbations ... #####
##### ...43/100 perturbations ... #####
##### ...44/100 perturbations ... #####
##### ...45/100 perturbations ... #####
##### ...46/100 perturbations ... #####
##### ...47/100 perturbations ... #####
##### ...48/100 perturbations ... #####
##### ...49/100 perturbations ... #####
##### ...50/100 perturbations ... #####
##### ...51/100 perturbations ... #####
##### ...52/100 perturbations ... #####
##### ...53/100 perturbations ... #####
##### ...54/100 perturbations ... #####
##### ...55/100 perturbations ... #####
##### ...56/100 perturbations ... #####
##### ...57/100 perturbations ... #####
##### ...58/100 perturbations ... #####
##### ...59/100 perturbations ... #####
##### ...60/100 perturbations ... #####
##### ...61/100 perturbations ... #####
##### ...62/100 perturbations ... #####
##### ...63/100 perturbations ... #####
##### ...64/100 perturbations ... #####
##### ...65/100 perturbations ... #####
##### ...66/100 perturbations ... #####
##### ...67/100 perturbations ... #####
##### ...68/100 perturbations ... #####
##### ...69/100 perturbations ... #####
##### ...70/100 perturbations ... #####
##### ...71/100 perturbations ... #####
##### ...72/100 perturbations ... #####
##### ...73/100 perturbations ... #####
##### ...74/100 perturbations ... #####
##### ...75/100 perturbations ... #####
##### ...76/100 perturbations ... #####
##### ...77/100 perturbations ... #####
##### ...78/100 perturbations ... #####
##### ...79/100 perturbations ... #####
##### ...80/100 perturbations ... #####
##### ...81/100 perturbations ... #####
##### ...82/100 perturbations ... #####
##### ...83/100 perturbations ... #####
##### ...84/100 perturbations ... #####
##### ...85/100 perturbations ... #####
##### ...86/100 perturbations ... #####
##### ...87/100 perturbations ... #####
##### ...88/100 perturbations ... #####
##### ...89/100 perturbations ... #####
##### ...90/100 perturbations ... #####
##### ...91/100 perturbations ... #####
##### ...92/100 perturbations ... #####
##### ...93/100 perturbations ... #####
##### ...94/100 perturbations ... #####
##### ...95/100 perturbations ... #####
##### ...96/100 perturbations ... #####
##### ...97/100 perturbations ... #####
##### ...98/100 perturbations ... #####
##### ...99/100 perturbations ... #####
##### ...100/100 perturbations ... #####
##### Starting attack #####
##### Attack only using structure perturbations #####
##### Attacking the node directly #####
##### Performing 100 perturbations #####
##### ...1/100 perturbations ... #####
##### ...2/100 perturbations ... #####
##### ...3/100 perturbations ... #####
##### ...4/100 perturbations ... #####
##### ...5/100 perturbations ... #####
##### ...6/100 perturbations ... #####
##### ...7/100 perturbations ... #####
##### ...8/100 perturbations ... #####
##### ...9/100 perturbations ... #####
##### ...10/100 perturbations ... #####
##### ...11/100 perturbations ... #####
##### ...12/100 perturbations ... #####
##### ...13/100 perturbations ... #####
##### ...14/100 perturbations ... #####
##### ...15/100 perturbations ... #####
##### ...16/100 perturbations ... #####
##### ...17/100 perturbations ... #####
##### ...18/100 perturbations ... #####
##### ...19/100 perturbations ... #####
##### ...20/100 perturbations ... #####
##### ...21/100 perturbations ... #####
##### ...22/100 perturbations ... #####
##### ...23/100 perturbations ... #####
##### ...24/100 perturbations ... #####
##### ...25/100 perturbations ... #####
##### ...26/100 perturbations ... #####
##### ...27/100 perturbations ... #####
##### ...28/100 perturbations ... #####
##### ...29/100 perturbations ... #####
##### ...30/100 perturbations ... #####
##### ...31/100 perturbations ... #####
##### ...32/100 perturbations ... #####
##### ...33/100 perturbations ... #####
##### ...34/100 perturbations ... #####
##### ...35/100 perturbations ... #####
##### ...36/100 perturbations ... #####
##### ...37/100 perturbations ... #####
##### ...38/100 perturbations ... #####
##### ...39/100 perturbations ... #####
##### ...40/100 perturbations ... #####
##### ...41/100 perturbations ... #####
##### ...42/100 perturbations ... #####
##### ...43/100 perturbations ... #####
##### ...44/100 perturbations ... #####
##### ...45/100 perturbations ... #####
##### ...46/100 perturbations ... #####
##### ...47/100 perturbations ... #####
##### ...48/100 perturbations ... #####
##### ...49/100 perturbations ... #####
##### ...50/100 perturbations ... #####
##### ...51/100 perturbations ... #####
##### ...52/100 perturbations ... #####
##### ...53/100 perturbations ... #####
##### ...54/100 perturbations ... #####
##### ...55/100 perturbations ... #####
##### ...56/100 perturbations ... #####
##### ...57/100 perturbations ... #####
##### ...58/100 perturbations ... #####
##### ...59/100 perturbations ... #####
##### ...60/100 perturbations ... #####
##### ...61/100 perturbations ... #####
##### ...62/100 perturbations ... #####
##### ...63/100 perturbations ... #####
##### ...64/100 perturbations ... #####
##### ...65/100 perturbations ... #####
##### ...66/100 perturbations ... #####
##### ...67/100 perturbations ... #####
##### ...68/100 perturbations ... #####
##### ...69/100 perturbations ... #####
##### ...70/100 perturbations ... #####
##### ...71/100 perturbations ... #####
##### ...72/100 perturbations ... #####
##### ...73/100 perturbations ... #####
##### ...74/100 perturbations ... #####
##### ...75/100 perturbations ... #####
##### ...76/100 perturbations ... #####
##### ...77/100 perturbations ... #####
##### ...78/100 perturbations ... #####
##### ...79/100 perturbations ... #####
##### ...80/100 perturbations ... #####
##### ...81/100 perturbations ... #####
##### ...82/100 perturbations ... #####
##### ...83/100 perturbations ... #####
##### ...84/100 perturbations ... #####
##### ...85/100 perturbations ... #####
##### ...86/100 perturbations ... #####
##### ...87/100 perturbations ... #####
##### ...88/100 perturbations ... #####
##### ...89/100 perturbations ... #####
##### ...90/100 perturbations ... #####
##### ...91/100 perturbations ... #####
##### ...92/100 perturbations ... #####
##### ...93/100 perturbations ... #####
##### ...94/100 perturbations ... #####
##### ...95/100 perturbations ... #####
##### ...96/100 perturbations ... #####
##### ...97/100 perturbations ... #####
##### ...98/100 perturbations ... #####
##### ...99/100 perturbations ... #####
##### ...100/100 perturbations ... #####
##### Starting attack #####
##### Attack only using structure perturbations #####
##### Attacking the node directly #####
##### Performing 100 perturbations #####
##### ...1/100 perturbations ... #####
##### ...2/100 perturbations ... #####
##### ...3/100 perturbations ... #####
##### ...4/100 perturbations ... #####
##### ...5/100 perturbations ... #####
##### ...6/100 perturbations ... #####
##### ...7/100 perturbations ... #####
##### ...8/100 perturbations ... #####
##### ...9/100 perturbations ... #####
##### ...10/100 perturbations ... #####
##### ...11/100 perturbations ... #####
##### ...12/100 perturbations ... #####
##### ...13/100 perturbations ... #####
##### ...14/100 perturbations ... #####
##### ...15/100 perturbations ... #####
##### ...16/100 perturbations ... #####
##### ...17/100 perturbations ... #####
##### ...18/100 perturbations ... #####
##### ...19/100 perturbations ... #####
##### ...20/100 perturbations ... #####
##### ...21/100 perturbations ... #####
##### ...22/100 perturbations ... #####
##### ...23/100 perturbations ... #####
##### ...24/100 perturbations ... #####
##### ...25/100 perturbations ... #####
##### ...26/100 perturbations ... #####
##### ...27/100 perturbations ... #####
##### ...28/100 perturbations ... #####
##### ...29/100 perturbations ... #####
##### ...30/100 perturbations ... #####
##### ...31/100 perturbations ... #####
##### ...32/100 perturbations ... #####
##### ...33/100 perturbations ... #####
##### ...34/100 perturbations ... #####
##### ...35/100 perturbations ... #####
##### ...36/100 perturbations ... #####
##### ...37/100 perturbations ... #####
##### ...38/100 perturbations ... #####
##### ...39/100 perturbations ... #####
##### ...40/100 perturbations ... #####
##### ...41/100 perturbations ... #####
##### ...42/100 perturbations ... #####
##### ...43/100 perturbations ... #####
##### ...44/100 perturbations ... #####
##### ...45/100 perturbations ... #####
##### ...46/100 perturbations ... #####
##### ...47/100 perturbations ... #####
##### ...48/100 perturbations ... #####
##### ...49/100 perturbations ... #####
##### ...50/100 perturbations ... #####
##### ...51/100 perturbations ... #####
##### ...52/100 perturbations ... #####
##### ...53/100 perturbations ... #####
##### ...54/100 perturbations ... #####
##### ...55/100 perturbations ... #####
##### ...56/100 perturbations ... #####
##### ...57/100 perturbations ... #####
##### ...58/100 perturbations ... #####
##### ...59/100 perturbations ... #####
##### ...60/100 perturbations ... #####
##### ...61/100 perturbations ... #####
##### ...62/100 perturbations ... #####
##### ...63/100 perturbations ... #####
##### ...64/100 perturbations ... #####
##### ...65/100 perturbations ... #####
##### ...66/100 perturbations ... #####
##### ...67/100 perturbations ... #####
##### ...68/100 perturbations ... #####
##### ...69/100 perturbations ... #####
##### ...70/100 perturbations ... #####
##### ...71/100 perturbations ... #####
##### ...72/100 perturbations ... #####
##### ...73/100 perturbations ... #####
##### ...74/100 perturbations ... #####
##### ...75/100 perturbations ... #####
##### ...76/100 perturbations ... #####
##### ...77/100 perturbations ... #####
##### ...78/100 perturbations ... #####
##### ...79/100 perturbations ... #####
##### ...80/100 perturbations ... #####
##### ...81/100 perturbations ... #####
##### ...82/100 perturbations ... #####
##### ...83/100 perturbations ... #####
##### ...84/100 perturbations ... #####
##### ...85/100 perturbations ... #####
##### ...86/100 perturbations ... #####
##### ...87/100 perturbations ... #####
##### ...88/100 perturbations ... #####
##### ...89/100 perturbations ... #####
##### ...90/100 perturbations ... #####
##### ...91/100 perturbations ... #####
##### ...92/100 perturbations ... #####
##### ...93/100 perturbations ... #####
##### ...94/100 perturbations ... #####
##### ...95/100 perturbations ... #####
##### ...96/100 perturbations ... #####
##### ...97/100 perturbations ... #####
##### ...98/100 perturbations ... #####
##### ...99/100 perturbations ... #####
##### ...100/100 perturbations ... #####
##### Starting attack #####
##### Attack only using structure perturbations #####
##### Attacking the node directly #####
##### Performing 100 perturbations #####
##### ...1/100 perturbations ... #####
##### ...2/100 perturbations ... #####
##### ...3/100 perturbations ... #####
##### ...4/100 perturbations ... #####
##### ...5/100 perturbations ... #####
##### ...6/100 perturbations ... #####
##### ...7/100 perturbations ... #####
##### ...8/100 perturbations ... #####
##### ...9/100 perturbations ... #####
##### ...10/100 perturbations ... #####
##### ...11/100 perturbations ... #####
##### ...12/100 perturbations ... #####
##### ...13/100 perturbations ... #####
##### ...14/100 perturbations ... #####
##### ...15/100 perturbations ... #####
##### ...16/100 perturbations ... #####
##### ...17/100 perturbations ... #####
##### ...18/100 perturbations ... #####
##### ...19/100 perturbations ... #####
##### ...20/100 perturbations ... #####
##### ...21/100 perturbations ... #####
##### ...22/100 perturbations ... #####
##### ...23/100 perturbations ... #####
##### ...24/100 perturbations ... #####
##### ...25/100 perturbations ... #####
##### ...26/100 perturbations ... #####
##### ...27/100 perturbations ... #####
##### ...28/100 perturbations ... #####
##### ...29/100 perturbations ... #####
##### ...30/100 perturbations ... #####
##### ...31/100 perturbations ... #####
##### ...32/100 perturbations ... #####
##### ...33/100 perturbations ... #####
##### ...34/100 perturbations ... #####
##### ...35/100 perturbations ... #####
##### ...36/100 perturbations ... #####
##### ...37/100 perturbations ... #####
##### ...38/100 perturbations ... #####
##### ...39/100 perturbations ... #####
##### ...40/100 perturbations ... #####
##### ...41/100 perturbations ... #####
##### ...42/100 perturbations ... #####
##### ...43/100 perturbations ... #####
##### ...44/100 perturbations ... #####
##### ...45/100 perturbations ... #####
##### ...46/100 perturbations ... #####
##### ...47/100 perturbations ... #####
##### ...48/100 perturbations ... #####
##### ...49/100 perturbations ... #####
##### ...50/100 perturbations ... #####
##### ...51/100 perturbations ... #####
##### ...52/100 perturbations ... #####
##### ...53/100 perturbations ... #####
##### ...54/100 perturbations ... #####
##### ...55/100 perturbations ... #####
##### ...56/100 perturbations ... #####
##### ...57/100 perturbations ... #####
##### ...58/100 perturbations ... #####
##### ...59/100 perturbations ... #####
##### ...60/100 perturbations ... #####
##### ...61/100 perturbations ... #####
##### ...62/100 perturbations ... #####
##### ...63/100 perturbations ... #####
##### ...64/100 perturbations ... #####
##### ...65/100 perturbations ... #####
##### ...66/100 perturbations ... #####
##### ...67/100 perturbations ... #####
##### ...68/100 perturbations ... #####
##### ...69/100 perturbations ... #####
##### ...70/100 perturbations ... #####
##### ...71/100 perturbations ... #####
##### ...72/100 perturbations ... #####
##### ...73/100 perturbations ... #####
##### ...74/100 perturbations ... #####
##### ...75/100 perturbations ... #####
##### ...76/100 perturbations ... #####
##### ...77/100 perturbations ... #####
##### ...78/100 perturbations ... #####
##### ...79/100 perturbations ... #####
##### ...80/100 perturbations ... #####
##### ...81/100 perturbations ... #####
##### ...82/100 perturbations ... #####
##### ...83/100 perturbations ... #####
##### ...84/100 perturbations ... #####
##### ...85/100 perturbations ... #####
##### ...86/100 perturbations ... #####
##### ...87/100 perturbations ... #####
##### ...88/100 perturbations ... #####
##### ...89/100 perturbations ... #####
##### ...90/100 perturbations ... #####
##### ...91/100 perturbations ... #####
##### ...92/100 perturbations ... #####
##### ...93/100 perturbations ... #####
##### ...94/100 perturbations ... #####
##### ...95/100 perturbations ... #####
##### ...96/100 perturbations ... #####
##### ...97/100 perturbations ... #####
##### ...98/100 perturbations ... #####
##### ...99/100 perturbations ... #####
##### ...100/100 perturbations ... #####
##### Starting attack #####
##### Attack only using structure perturbations #####
##### Attacking the node directly #####
##### Performing 100 perturbations #####
##### ...1/100 perturbations ... #####
##### ...2/100 perturbations ... #####
##### ...3/100 perturbations ... #####
##### ...4/100 perturbations ... #####
##### ...5/100 perturbations ... #####
##### ...6/100 perturbations ... #####
##### ...7/100 perturbations ... #####
##### ...8/100 perturbations ... #####
##### ...9/100 perturbations ... #####
##### ...10/100 perturbations ... #####
##### ...11/100 perturbations ... #####
##### ...12/100 perturbations ... #####
##### ...13/100 perturbations ... #####
##### ...14/100 perturbations ... #####
##### ...15/100 perturbations ... #####
##### ...16/100 perturbations ... #####
##### ...17/100 perturbations ... #####
##### ...18/100 perturbations ... #####
##### ...19/100 perturbations ... #####
##### ...20/100 perturbations ... #####
##### ...21/100 perturbations ... #####
##### ...22/100 perturbations ... #####
##### ...23/100 perturbations ... #####
##### ...24/100 perturbations ... #####
##### ...25/100 perturbations ... #####
##### ...26/100 perturbations ... #####
##### ...27/100 perturbations ... #####
##### ...28/100 perturbations ... #####
##### ...29/100 perturbations ... #####
##### ...30/100 perturbations ... #####
##### ...31/100 perturbations ... #####
##### ...32/100 perturbations ... #####
##### ...33/100 perturbations ... #####
##### ...34/100 perturbations ... #####
##### ...35/100 perturbations ... #####
##### ...36/100 perturbations ... #####
##### ...37/100 perturbations ... #####
##### ...38/100 perturbations ... #####
##### ...39/100 perturbations ... #####
##### ...40/100 perturbations ... #####
##### ...41/100 perturbations ... #####
##### ...42/100 perturbations ... #####
##### ...43/100 perturbations ... #####
##### ...44/100 perturbations ... #####
##### ...45/100 perturbations ... #####
##### ...46/100 perturbations ... #####
##### ...47/100 perturbations ... #####
##### ...48/100 perturbations ... #####
##### ...49/100 perturbations ... #####
##### ...50/100 perturbations ... #####
##### ...51/100 perturbations ... #####
##### ...52/100 perturbations ... #####
##### ...53/100 perturbations ... #####
##### ...54/100 perturbations ... #####
##### ...55/100 perturbations ... #####
##### ...56/100 perturbations ... #####
##### ...57/100 perturbations ... #####
##### ...58/100 perturbations ... #####
##### ...59/100 perturbations ... #####
##### ...60/100 perturbations ... #####
##### ...61/100 perturbations ... #####
##### ...62/100 perturbations ... #####
##### ...63/100 perturbations ... #####
##### ...64/100 perturbations ... #####
##### ...65/100 perturbations ... #####
##### ...66/100 perturbations ... #####
##### ...67/100 perturbations ... #####
##### ...68/100 perturbations ... #####
##### ...69/100 perturbations ... #####
##### ...70/100 perturbations ... #####
##### ...71/100 perturbations ... #####
##### ...72/100 perturbations ... #####
##### ...73/100 perturbations ... #####
##### ...74/100 perturbations ... #####
##### ...75/100 perturbations ... #####
##### ...76/100 perturbations ... #####
##### ...77/100 perturbations ... #####
##### ...78/100 perturbations ... #####
##### ...79/100 perturbations ... #####
##### ...80/100 perturbations ... #####
##### ...81/100 perturbations ... #####
##### ...82/100 perturbations ... #####
##### ...83/100 perturbations ... #####
##### ...84/100 perturbations ... #####
##### ...85/100 perturbations ... #####
##### ...86/100 perturbations ... #####
##### ...87/100 perturbations ... #####
##### ...88/100 perturbations ... #####
##### ...89/100 perturbations ... #####
##### ...90/100 perturbations ... #####
##### ...91/100 perturbations ... #####
##### ...92/100 perturbations ... #####
##### ...93/100 perturbations ... #####
##### ...94/100 perturbations ... #####
##### ...95/100 perturbations ... #####
##### ...96/100 perturbations ... #####
##### ...97/100 perturbations ... #####
##### ...98/100 perturbations ... #####
##### ...99/100 perturbations ... #####
##### ...100/100 perturbations ... #####
Epoch 000, Loss: 1.9458
Epoch 020, Loss: 1.7305
Epoch 040, Loss: 1.3715
Epoch 060, Loss: 1.0084
Epoch 080, Loss: 0.6895
Running DICE (Global Poisoning)...
number of pertubations: 3000
Epoch 000, Loss: 1.9450
Epoch 020, Loss: 1.7963
Epoch 040, Loss: 1.5241
Epoch 060, Loss: 1.2841
Epoch 080, Loss: 0.9655

[Evasion Attacks] Post-training...

[Defense] Optimized Defense Mechanism...
Applying High-Fidelity Reliability Defense to poisoned graph...
Applying High-Fidelity Reliability Defense (Target 80%)...
Epoch 000, Loss: 1.9464
Epoch 020, Loss: 1.6588
Epoch 040, Loss: 1.1704
Epoch 060, Loss: 0.7875
Epoch 080, Loss: 0.5318
Epoch 100, Loss: 0.5033
Epoch 120, Loss: 0.3868
Epoch 140, Loss: 0.3887
Epoch 160, Loss: 0.3558
Epoch 180, Loss: 0.3377
Epoch 200, Loss: 0.2540
Epoch 220, Loss: 0.2738
Epoch 240, Loss: 0.2609
Epoch 260, Loss: 0.2572
Epoch 280, Loss: 0.2594

================================================================================
FINAL EVALUATION SUMMARY (12 METRICS)
================================================================================
Model           Attack Accuracy F1-Macro F1-Micro ROC-AUC    ASR ConfDrop MarginDrop Entropy Homophily AvgDegree
  GCN         Baseline    0.795    0.783    0.795   0.963  0.000    0.000      0.000   1.274     0.810      3.90
  GCN   Poison: Random    0.766    0.759    0.766   0.947  0.036    0.188      0.213   1.676     0.707      4.64
  GCN  Poison: Nettack    0.799    0.791    0.799   0.955 -0.005    0.117      0.137   1.541     0.699      4.50
  GCN     Poison: DICE    0.610    0.602    0.610   0.884  0.233    0.267      0.302   1.781     0.526      3.91
  GCN    Evasion: FGSM    0.773    0.763    0.773   0.942  0.028    0.006      0.006   1.292     0.759      4.15
  GCN     Evasion: PGD    0.680    0.660    0.680   0.910  0.145   -0.043     -0.027   1.115     0.000      0.00
  GCN Evasion: Feature    0.004    0.003    0.004   0.094  0.995   -0.403     -0.526   0.066     0.810      3.90
  GCN   Defense (DICE)    0.759    0.748    0.759   0.936  0.045   -0.077     -0.091   1.092     0.848      4.46
================================================================================

Visualizations saved to results/ folder: graph_mosaic.png, performance_comparison.png
Refined pipeline completed successfully.
